16:44:32 **** Auto Build of configuration Debug for project bch_accel ****
make pre-build main-build 
a9-linaro-pre-build-step
' '
'Building file: ../src/ecclib.cpp'
'Invoking: ARM v7 g++ compiler'
arm-none-eabi-g++ -Wall -O0 -g3 -c -fmessage-length=0 -MT"src/ecclib.o" -mcpu=cortex-a9 -mfpu=vfpv3 -mfloat-abi=hard -IH:/dev/CSASA/vivaldo_starter/bram_designed_memory_speedtested_working/bram_designed_memory_speedtested_working.sdk/standalone_bsp_0/ps7_cortexa9_0/include -MMD -MP -MF"src/ecclib.d" -MT"src/ecclib.o" -o "src/ecclib.o" "../src/ecclib.cpp"
'Finished building: ../src/ecclib.cpp'
' '
'Building target: bch_accel.elf'
'Invoking: ARM v7 g++ linker'
arm-none-eabi-g++ -mcpu=cortex-a9 -mfpu=vfpv3 -mfloat-abi=hard -Wl,-build-id=none -specs=Xilinx.spec -Wl,-T -Wl,../src/lscript.ld -LH:/dev/CSASA/vivaldo_starter/bram_designed_memory_speedtested_working/bram_designed_memory_speedtested_working.sdk/standalone_bsp_0/ps7_cortexa9_0/lib -o "bch_accel.elf"  ./src/BinaryMatrix.o ./src/GFMatrix.o ./src/GaloisField.o ./src/ecclib.o ./src/main.o ./src/platform.o   -Wl,--start-group,-lxil,-lgcc,-lc,-lstdc++,--end-group
'Finished building target: bch_accel.elf'
' '
'Invoking: ARM v7 Print Size'
arm-none-eabi-size bch_accel.elf  |tee "bch_accel.elf.size"
   text	   data	    bss	    dec	    hex	filename
 818518	   2836	  30036	 851390	  cfdbe	bch_accel.elf
'Finished building: bch_accel.elf.size'
' '

16:44:35 Build Finished (took 3s.711ms)

