18:25:54 **** Incremental Build of configuration Debug for project BRAM_DMA_TEST ****
make pre-build main-build 
a9-linaro-pre-build-step
' '
make: Nothing to be done for `main-build'.
18:26:08 **** Incremental Build of configuration Debug for project BRAM_DMA_TEST ****
make pre-build main-build 
a9-linaro-pre-build-step
' '
make: Nothing to be done for `main-build'.
18:27:15 **** Incremental Build of configuration Debug for project BRAM_DMA_TEST ****
make pre-build main-build 
a9-linaro-pre-build-step
' '
make: Nothing to be done for `main-build'.
19:03:38 **** Build of project standalone_bsp_0 ****
make -k all 
"Running Make include in ps7_cortexa9_0/libsrc/bram_v4_2/src"
make -C ps7_cortexa9_0/libsrc/bram_v4_2/src -s include  "SHELL=CMD" "COMPILER=arm-none-eabi-gcc" "ARCHIVER=arm-none-eabi-ar" "COMPILER_FLAGS=  -O2 -c" "EXTRA_COMPILER_FLAGS=-mcpu=cortex-a9 -mfpu=vfpv3 -mfloat-abi=hard -nostartfiles -Wall -Wextra"
"Running Make include in ps7_cortexa9_0/libsrc/coresightps_dcc_v1_4/src"
make -C ps7_cortexa9_0/libsrc/coresightps_dcc_v1_4/src -s include  "SHELL=CMD" "COMPILER=arm-none-eabi-gcc" "ARCHIVER=arm-none-eabi-ar" "COMPILER_FLAGS=  -O2 -c" "EXTRA_COMPILER_FLAGS=-mcpu=cortex-a9 -mfpu=vfpv3 -mfloat-abi=hard -nostartfiles -Wall -Wextra"
"Running Make include in ps7_cortexa9_0/libsrc/cpu_cortexa9_v2_5/src"
make -C ps7_cortexa9_0/libsrc/cpu_cortexa9_v2_5/src -s include  "SHELL=CMD" "COMPILER=arm-none-eabi-gcc" "ARCHIVER=arm-none-eabi-ar" "COMPILER_FLAGS=  -O2 -c" "EXTRA_COMPILER_FLAGS=-mcpu=cortex-a9 -mfpu=vfpv3 -mfloat-abi=hard -nostartfiles -Wall -Wextra"
"Running Make include in ps7_cortexa9_0/libsrc/ddrps_v1_0/src"
make -C ps7_cortexa9_0/libsrc/ddrps_v1_0/src -s include  "SHELL=CMD" "COMPILER=arm-none-eabi-gcc" "ARCHIVER=arm-none-eabi-ar" "COMPILER_FLAGS=  -O2 -c" "EXTRA_COMPILER_FLAGS=-mcpu=cortex-a9 -mfpu=vfpv3 -mfloat-abi=hard -nostartfiles -Wall -Wextra"
"Running Make include in ps7_cortexa9_0/libsrc/devcfg_v3_5/src"
make -C ps7_cortexa9_0/libsrc/devcfg_v3_5/src -s include  "SHELL=CMD" "COMPILER=arm-none-eabi-gcc" "ARCHIVER=arm-none-eabi-ar" "COMPILER_FLAGS=  -O2 -c" "EXTRA_COMPILER_FLAGS=-mcpu=cortex-a9 -mfpu=vfpv3 -mfloat-abi=hard -nostartfiles -Wall -Wextra"
"Running Make include in ps7_cortexa9_0/libsrc/dmaps_v2_3/src"
make -C ps7_cortexa9_0/libsrc/dmaps_v2_3/src -s include  "SHELL=CMD" "COMPILER=arm-none-eabi-gcc" "ARCHIVER=arm-none-eabi-ar" "COMPILER_FLAGS=  -O2 -c" "EXTRA_COMPILER_FLAGS=-mcpu=cortex-a9 -mfpu=vfpv3 -mfloat-abi=hard -nostartfiles -Wall -Wextra"
"Running Make include in ps7_cortexa9_0/libsrc/emacps_v3_5/src"
make -C ps7_cortexa9_0/libsrc/emacps_v3_5/src -s include  "SHELL=CMD" "COMPILER=arm-none-eabi-gcc" "ARCHIVER=arm-none-eabi-ar" "COMPILER_FLAGS=  -O2 -c" "EXTRA_COMPILER_FLAGS=-mcpu=cortex-a9 -mfpu=vfpv3 -mfloat-abi=hard -nostartfiles -Wall -Wextra"
"Running Make include in ps7_cortexa9_0/libsrc/gpiops_v3_3/src"
make -C ps7_cortexa9_0/libsrc/gpiops_v3_3/src -s include  "SHELL=CMD" "COMPILER=arm-none-eabi-gcc" "ARCHIVER=arm-none-eabi-ar" "COMPILER_FLAGS=  -O2 -c" "EXTRA_COMPILER_FLAGS=-mcpu=cortex-a9 -mfpu=vfpv3 -mfloat-abi=hard -nostartfiles -Wall -Wextra"
"Running Make include in ps7_cortexa9_0/libsrc/qspips_v3_4/src"
make -C ps7_cortexa9_0/libsrc/qspips_v3_4/src -s include  "SHELL=CMD" "COMPILER=arm-none-eabi-gcc" "ARCHIVER=arm-none-eabi-ar" "COMPILER_FLAGS=  -O2 -c" "EXTRA_COMPILER_FLAGS=-mcpu=cortex-a9 -mfpu=vfpv3 -mfloat-abi=hard -nostartfiles -Wall -Wextra"
"Running Make include in ps7_cortexa9_0/libsrc/scugic_v3_8/src"
make -C ps7_cortexa9_0/libsrc/scugic_v3_8/src -s include  "SHELL=CMD" "COMPILER=arm-none-eabi-gcc" "ARCHIVER=arm-none-eabi-ar" "COMPILER_FLAGS=  -O2 -c" "EXTRA_COMPILER_FLAGS=-mcpu=cortex-a9 -mfpu=vfpv3 -mfloat-abi=hard -nostartfiles -Wall -Wextra"
"Running Make include in ps7_cortexa9_0/libsrc/scutimer_v2_1/src"
make -C ps7_cortexa9_0/libsrc/scutimer_v2_1/src -s include  "SHELL=CMD" "COMPILER=arm-none-eabi-gcc" "ARCHIVER=arm-none-eabi-ar" "COMPILER_FLAGS=  -O2 -c" "EXTRA_COMPILER_FLAGS=-mcpu=cortex-a9 -mfpu=vfpv3 -mfloat-abi=hard -nostartfiles -Wall -Wextra"
"Running Make include in ps7_cortexa9_0/libsrc/scuwdt_v2_1/src"
make -C ps7_cortexa9_0/libsrc/scuwdt_v2_1/src -s include  "SHELL=CMD" "COMPILER=arm-none-eabi-gcc" "ARCHIVER=arm-none-eabi-ar" "COMPILER_FLAGS=  -O2 -c" "EXTRA_COMPILER_FLAGS=-mcpu=cortex-a9 -mfpu=vfpv3 -mfloat-abi=hard -nostartfiles -Wall -Wextra"
"Running Make include in ps7_cortexa9_0/libsrc/sdps_v3_3/src"
make -C ps7_cortexa9_0/libsrc/sdps_v3_3/src -s include  "SHELL=CMD" "COMPILER=arm-none-eabi-gcc" "ARCHIVER=arm-none-eabi-ar" "COMPILER_FLAGS=  -O2 -c" "EXTRA_COMPILER_FLAGS=-mcpu=cortex-a9 -mfpu=vfpv3 -mfloat-abi=hard -nostartfiles -Wall -Wextra"
"Running Make include in ps7_cortexa9_0/libsrc/standalone_v6_4/src"
make -C ps7_cortexa9_0/libsrc/standalone_v6_4/src -s include  "SHELL=CMD" "COMPILER=arm-none-eabi-gcc" "ARCHIVER=arm-none-eabi-ar" "COMPILER_FLAGS=  -O2 -c" "EXTRA_COMPILER_FLAGS=-mcpu=cortex-a9 -mfpu=vfpv3 -mfloat-abi=hard -nostartfiles -Wall -Wextra"
"Running Make include in ps7_cortexa9_0/libsrc/uartps_v3_4/src"
make -C ps7_cortexa9_0/libsrc/uartps_v3_4/src -s include  "SHELL=CMD" "COMPILER=arm-none-eabi-gcc" "ARCHIVER=arm-none-eabi-ar" "COMPILER_FLAGS=  -O2 -c" "EXTRA_COMPILER_FLAGS=-mcpu=cortex-a9 -mfpu=vfpv3 -mfloat-abi=hard -nostartfiles -Wall -Wextra"
"Running Make include in ps7_cortexa9_0/libsrc/usbps_v2_4/src"
make -C ps7_cortexa9_0/libsrc/usbps_v2_4/src -s include  "SHELL=CMD" "COMPILER=arm-none-eabi-gcc" "ARCHIVER=arm-none-eabi-ar" "COMPILER_FLAGS=  -O2 -c" "EXTRA_COMPILER_FLAGS=-mcpu=cortex-a9 -mfpu=vfpv3 -mfloat-abi=hard -nostartfiles -Wall -Wextra"
"Running Make include in ps7_cortexa9_0/libsrc/xadcps_v2_2/src"
make -C ps7_cortexa9_0/libsrc/xadcps_v2_2/src -s include  "SHELL=CMD" "COMPILER=arm-none-eabi-gcc" "ARCHIVER=arm-none-eabi-ar" "COMPILER_FLAGS=  -O2 -c" "EXTRA_COMPILER_FLAGS=-mcpu=cortex-a9 -mfpu=vfpv3 -mfloat-abi=hard -nostartfiles -Wall -Wextra"
"Running Make libs in ps7_cortexa9_0/libsrc/bram_v4_2/src"
make -C ps7_cortexa9_0/libsrc/bram_v4_2/src -s libs  "SHELL=CMD" "COMPILER=arm-none-eabi-gcc" "ARCHIVER=arm-none-eabi-ar" "COMPILER_FLAGS=  -O2 -c" "EXTRA_COMPILER_FLAGS=-mcpu=cortex-a9 -mfpu=vfpv3 -mfloat-abi=hard -nostartfiles -Wall -Wextra"
"Compiling bram"
"Running Make libs in ps7_cortexa9_0/libsrc/coresightps_dcc_v1_4/src"
make -C ps7_cortexa9_0/libsrc/coresightps_dcc_v1_4/src -s libs  "SHELL=CMD" "COMPILER=arm-none-eabi-gcc" "ARCHIVER=arm-none-eabi-ar" "COMPILER_FLAGS=  -O2 -c" "EXTRA_COMPILER_FLAGS=-mcpu=cortex-a9 -mfpu=vfpv3 -mfloat-abi=hard -nostartfiles -Wall -Wextra"
"Compiling coresightps_dcc"
"Running Make libs in ps7_cortexa9_0/libsrc/cpu_cortexa9_v2_5/src"
make -C ps7_cortexa9_0/libsrc/cpu_cortexa9_v2_5/src -s libs  "SHELL=CMD" "COMPILER=arm-none-eabi-gcc" "ARCHIVER=arm-none-eabi-ar" "COMPILER_FLAGS=  -O2 -c" "EXTRA_COMPILER_FLAGS=-mcpu=cortex-a9 -mfpu=vfpv3 -mfloat-abi=hard -nostartfiles -Wall -Wextra"
"Compiling cpu_cortexa9"
"Running Make libs in ps7_cortexa9_0/libsrc/ddrps_v1_0/src"
make -C ps7_cortexa9_0/libsrc/ddrps_v1_0/src -s libs  "SHELL=CMD" "COMPILER=arm-none-eabi-gcc" "ARCHIVER=arm-none-eabi-ar" "COMPILER_FLAGS=  -O2 -c" "EXTRA_COMPILER_FLAGS=-mcpu=cortex-a9 -mfpu=vfpv3 -mfloat-abi=hard -nostartfiles -Wall -Wextra"
"Compiling ddrps"
"Running Make libs in ps7_cortexa9_0/libsrc/devcfg_v3_5/src"
make -C ps7_cortexa9_0/libsrc/devcfg_v3_5/src -s libs  "SHELL=CMD" "COMPILER=arm-none-eabi-gcc" "ARCHIVER=arm-none-eabi-ar" "COMPILER_FLAGS=  -O2 -c" "EXTRA_COMPILER_FLAGS=-mcpu=cortex-a9 -mfpu=vfpv3 -mfloat-abi=hard -nostartfiles -Wall -Wextra"
"Compiling devcfg"
"Running Make libs in ps7_cortexa9_0/libsrc/dmaps_v2_3/src"
make -C ps7_cortexa9_0/libsrc/dmaps_v2_3/src -s libs  "SHELL=CMD" "COMPILER=arm-none-eabi-gcc" "ARCHIVER=arm-none-eabi-ar" "COMPILER_FLAGS=  -O2 -c" "EXTRA_COMPILER_FLAGS=-mcpu=cortex-a9 -mfpu=vfpv3 -mfloat-abi=hard -nostartfiles -Wall -Wextra"
"Compiling dmaps"
"Running Make libs in ps7_cortexa9_0/libsrc/emacps_v3_5/src"
make -C ps7_cortexa9_0/libsrc/emacps_v3_5/src -s libs  "SHELL=CMD" "COMPILER=arm-none-eabi-gcc" "ARCHIVER=arm-none-eabi-ar" "COMPILER_FLAGS=  -O2 -c" "EXTRA_COMPILER_FLAGS=-mcpu=cortex-a9 -mfpu=vfpv3 -mfloat-abi=hard -nostartfiles -Wall -Wextra"
"Compiling emacps"
"Running Make libs in ps7_cortexa9_0/libsrc/gpiops_v3_3/src"
make -C ps7_cortexa9_0/libsrc/gpiops_v3_3/src -s libs  "SHELL=CMD" "COMPILER=arm-none-eabi-gcc" "ARCHIVER=arm-none-eabi-ar" "COMPILER_FLAGS=  -O2 -c" "EXTRA_COMPILER_FLAGS=-mcpu=cortex-a9 -mfpu=vfpv3 -mfloat-abi=hard -nostartfiles -Wall -Wextra"
"Compiling gpiops"
"Running Make libs in ps7_cortexa9_0/libsrc/qspips_v3_4/src"
make -C ps7_cortexa9_0/libsrc/qspips_v3_4/src -s libs  "SHELL=CMD" "COMPILER=arm-none-eabi-gcc" "ARCHIVER=arm-none-eabi-ar" "COMPILER_FLAGS=  -O2 -c" "EXTRA_COMPILER_FLAGS=-mcpu=cortex-a9 -mfpu=vfpv3 -mfloat-abi=hard -nostartfiles -Wall -Wextra"
"Compiling qspips"
"Running Make libs in ps7_cortexa9_0/libsrc/scugic_v3_8/src"
make -C ps7_cortexa9_0/libsrc/scugic_v3_8/src -s libs  "SHELL=CMD" "COMPILER=arm-none-eabi-gcc" "ARCHIVER=arm-none-eabi-ar" "COMPILER_FLAGS=  -O2 -c" "EXTRA_COMPILER_FLAGS=-mcpu=cortex-a9 -mfpu=vfpv3 -mfloat-abi=hard -nostartfiles -Wall -Wextra"
"Compiling scugic"
"Running Make libs in ps7_cortexa9_0/libsrc/scutimer_v2_1/src"
make -C ps7_cortexa9_0/libsrc/scutimer_v2_1/src -s libs  "SHELL=CMD" "COMPILER=arm-none-eabi-gcc" "ARCHIVER=arm-none-eabi-ar" "COMPILER_FLAGS=  -O2 -c" "EXTRA_COMPILER_FLAGS=-mcpu=cortex-a9 -mfpu=vfpv3 -mfloat-abi=hard -nostartfiles -Wall -Wextra"
"Compiling scutimer"
"Running Make libs in ps7_cortexa9_0/libsrc/scuwdt_v2_1/src"
make -C ps7_cortexa9_0/libsrc/scuwdt_v2_1/src -s libs  "SHELL=CMD" "COMPILER=arm-none-eabi-gcc" "ARCHIVER=arm-none-eabi-ar" "COMPILER_FLAGS=  -O2 -c" "EXTRA_COMPILER_FLAGS=-mcpu=cortex-a9 -mfpu=vfpv3 -mfloat-abi=hard -nostartfiles -Wall -Wextra"
"Compiling scuwdt"
"Running Make libs in ps7_cortexa9_0/libsrc/sdps_v3_3/src"
make -C ps7_cortexa9_0/libsrc/sdps_v3_3/src -s libs  "SHELL=CMD" "COMPILER=arm-none-eabi-gcc" "ARCHIVER=arm-none-eabi-ar" "COMPILER_FLAGS=  -O2 -c" "EXTRA_COMPILER_FLAGS=-mcpu=cortex-a9 -mfpu=vfpv3 -mfloat-abi=hard -nostartfiles -Wall -Wextra"
"Compiling sdps"
"Running Make libs in ps7_cortexa9_0/libsrc/standalone_v6_4/src"
make -C ps7_cortexa9_0/libsrc/standalone_v6_4/src -s libs  "SHELL=CMD" "COMPILER=arm-none-eabi-gcc" "ARCHIVER=arm-none-eabi-ar" "COMPILER_FLAGS=  -O2 -c" "EXTRA_COMPILER_FLAGS=-mcpu=cortex-a9 -mfpu=vfpv3 -mfloat-abi=hard -nostartfiles -Wall -Wextra"
"Compiling standalone"
"Running Make libs in ps7_cortexa9_0/libsrc/uartps_v3_4/src"
make -C ps7_cortexa9_0/libsrc/uartps_v3_4/src -s libs  "SHELL=CMD" "COMPILER=arm-none-eabi-gcc" "ARCHIVER=arm-none-eabi-ar" "COMPILER_FLAGS=  -O2 -c" "EXTRA_COMPILER_FLAGS=-mcpu=cortex-a9 -mfpu=vfpv3 -mfloat-abi=hard -nostartfiles -Wall -Wextra"
"Compiling uartps"
"Running Make libs in ps7_cortexa9_0/libsrc/usbps_v2_4/src"
make -C ps7_cortexa9_0/libsrc/usbps_v2_4/src -s libs  "SHELL=CMD" "COMPILER=arm-none-eabi-gcc" "ARCHIVER=arm-none-eabi-ar" "COMPILER_FLAGS=  -O2 -c" "EXTRA_COMPILER_FLAGS=-mcpu=cortex-a9 -mfpu=vfpv3 -mfloat-abi=hard -nostartfiles -Wall -Wextra"
"Compiling usbps"
"Running Make libs in ps7_cortexa9_0/libsrc/xadcps_v2_2/src"
make -C ps7_cortexa9_0/libsrc/xadcps_v2_2/src -s libs  "SHELL=CMD" "COMPILER=arm-none-eabi-gcc" "ARCHIVER=arm-none-eabi-ar" "COMPILER_FLAGS=  -O2 -c" "EXTRA_COMPILER_FLAGS=-mcpu=cortex-a9 -mfpu=vfpv3 -mfloat-abi=hard -nostartfiles -Wall -Wextra"
"Compiling xadcps"
'Finished building libraries'
19:04:58 **** Build of configuration Debug for project HelloWorld ****
make pre-build main-build 
a9-linaro-pre-build-step
' '
'Building file: ../src/helloworld.c'
'Invoking: ARM v7 gcc compiler'
arm-none-eabi-gcc -Wall -O0 -g3 -c -fmessage-length=0 -MT"src/helloworld.o" -mcpu=cortex-a9 -mfpu=vfpv3 -mfloat-abi=hard -I../../standalone_bsp_0/ps7_cortexa9_0/include -MMD -MP -MF"src/helloworld.d" -MT"src/helloworld.o" -o "src/helloworld.o" "../src/helloworld.c"
'Finished building: ../src/helloworld.c'
' '
'Building file: ../src/platform.c'
'Invoking: ARM v7 gcc compiler'
arm-none-eabi-gcc -Wall -O0 -g3 -c -fmessage-length=0 -MT"src/platform.o" -mcpu=cortex-a9 -mfpu=vfpv3 -mfloat-abi=hard -I../../standalone_bsp_0/ps7_cortexa9_0/include -MMD -MP -MF"src/platform.d" -MT"src/platform.o" -o "src/platform.o" "../src/platform.c"
'Finished building: ../src/platform.c'
' '
'Building target: HelloWorld.elf'
'Invoking: ARM v7 gcc linker'
arm-none-eabi-gcc -mcpu=cortex-a9 -mfpu=vfpv3 -mfloat-abi=hard -Wl,-build-id=none -specs=Xilinx.spec -Wl,-T -Wl,../src/lscript.ld -L../../standalone_bsp_0/ps7_cortexa9_0/lib -o "HelloWorld.elf"  ./src/helloworld.o ./src/platform.o   -Wl,--start-group,-lxil,-lgcc,-lc,--end-group
'Finished building target: HelloWorld.elf'
' '
'Invoking: ARM v7 Print Size'
arm-none-eabi-size HelloWorld.elf  |tee "HelloWorld.elf.size"
   text	   data	    bss	    dec	    hex	filename
  19384	   1148	  22568	  43100	   a85c	HelloWorld.elf
'Finished building: HelloWorld.elf.size'
' '
19:05:00 **** Build of configuration Debug for project BRAM_DMA_TEST ****
make pre-build main-build 
a9-linaro-pre-build-step
' '
'Building file: ../src/dma_test.c'
'Invoking: ARM v7 gcc compiler'
arm-none-eabi-gcc -Wall -O0 -g3 -c -fmessage-length=0 -MT"src/dma_test.o" -mcpu=cortex-a9 -mfpu=vfpv3 -mfloat-abi=hard -I../../standalone_bsp_0/ps7_cortexa9_0/include -MMD -MP -MF"src/dma_test.d" -MT"src/dma_test.o" -o "src/dma_test.o" "../src/dma_test.c"
'Finished building: ../src/dma_test.c'
' '
'Building target: BRAM_DMA_TEST.elf'
'Invoking: ARM v7 gcc linker'
arm-none-eabi-gcc -mcpu=cortex-a9 -mfpu=vfpv3 -mfloat-abi=hard -Wl,-build-id=none -specs=Xilinx.spec -Wl,-T -Wl,../src/lscript.ld -L../../standalone_bsp_0/ps7_cortexa9_0/lib -o "BRAM_DMA_TEST.elf"  ./src/dma_test.o   -Wl,--start-group,-lxil,-lgcc,-lc,--end-group
'Finished building target: BRAM_DMA_TEST.elf'
' '
'Invoking: ARM v7 Print Size'
arm-none-eabi-size BRAM_DMA_TEST.elf  |tee "BRAM_DMA_TEST.elf.size"
   text	   data	    bss	    dec	    hex	filename
  40452	   2764	  25160	  68376	  10b18	BRAM_DMA_TEST.elf
'Finished building: BRAM_DMA_TEST.elf.size'
' '
22:46:59 **** Auto Build of project standalone_bsp_0 ****
make -k all 
"Running Make include in ps7_cortexa9_0/libsrc/bram_v4_2/src"
make -C ps7_cortexa9_0/libsrc/bram_v4_2/src -s include  "SHELL=CMD" "COMPILER=arm-none-eabi-gcc" "ARCHIVER=arm-none-eabi-ar" "COMPILER_FLAGS=  -O2 -c" "EXTRA_COMPILER_FLAGS=-mcpu=cortex-a9 -mfpu=vfpv3 -mfloat-abi=hard -nostartfiles -Wall -Wextra"
"Running Make include in ps7_cortexa9_0/libsrc/coresightps_dcc_v1_4/src"
make -C ps7_cortexa9_0/libsrc/coresightps_dcc_v1_4/src -s include  "SHELL=CMD" "COMPILER=arm-none-eabi-gcc" "ARCHIVER=arm-none-eabi-ar" "COMPILER_FLAGS=  -O2 -c" "EXTRA_COMPILER_FLAGS=-mcpu=cortex-a9 -mfpu=vfpv3 -mfloat-abi=hard -nostartfiles -Wall -Wextra"
"Running Make include in ps7_cortexa9_0/libsrc/cpu_cortexa9_v2_5/src"
make -C ps7_cortexa9_0/libsrc/cpu_cortexa9_v2_5/src -s include  "SHELL=CMD" "COMPILER=arm-none-eabi-gcc" "ARCHIVER=arm-none-eabi-ar" "COMPILER_FLAGS=  -O2 -c" "EXTRA_COMPILER_FLAGS=-mcpu=cortex-a9 -mfpu=vfpv3 -mfloat-abi=hard -nostartfiles -Wall -Wextra"
"Running Make include in ps7_cortexa9_0/libsrc/ddrps_v1_0/src"
make -C ps7_cortexa9_0/libsrc/ddrps_v1_0/src -s include  "SHELL=CMD" "COMPILER=arm-none-eabi-gcc" "ARCHIVER=arm-none-eabi-ar" "COMPILER_FLAGS=  -O2 -c" "EXTRA_COMPILER_FLAGS=-mcpu=cortex-a9 -mfpu=vfpv3 -mfloat-abi=hard -nostartfiles -Wall -Wextra"
"Running Make include in ps7_cortexa9_0/libsrc/devcfg_v3_5/src"
make -C ps7_cortexa9_0/libsrc/devcfg_v3_5/src -s include  "SHELL=CMD" "COMPILER=arm-none-eabi-gcc" "ARCHIVER=arm-none-eabi-ar" "COMPILER_FLAGS=  -O2 -c" "EXTRA_COMPILER_FLAGS=-mcpu=cortex-a9 -mfpu=vfpv3 -mfloat-abi=hard -nostartfiles -Wall -Wextra"
"Running Make include in ps7_cortexa9_0/libsrc/dmaps_v2_3/src"
make -C ps7_cortexa9_0/libsrc/dmaps_v2_3/src -s include  "SHELL=CMD" "COMPILER=arm-none-eabi-gcc" "ARCHIVER=arm-none-eabi-ar" "COMPILER_FLAGS=  -O2 -c" "EXTRA_COMPILER_FLAGS=-mcpu=cortex-a9 -mfpu=vfpv3 -mfloat-abi=hard -nostartfiles -Wall -Wextra"
"Running Make include in ps7_cortexa9_0/libsrc/emacps_v3_5/src"
make -C ps7_cortexa9_0/libsrc/emacps_v3_5/src -s include  "SHELL=CMD" "COMPILER=arm-none-eabi-gcc" "ARCHIVER=arm-none-eabi-ar" "COMPILER_FLAGS=  -O2 -c" "EXTRA_COMPILER_FLAGS=-mcpu=cortex-a9 -mfpu=vfpv3 -mfloat-abi=hard -nostartfiles -Wall -Wextra"
"Running Make include in ps7_cortexa9_0/libsrc/gpiops_v3_3/src"
make -C ps7_cortexa9_0/libsrc/gpiops_v3_3/src -s include  "SHELL=CMD" "COMPILER=arm-none-eabi-gcc" "ARCHIVER=arm-none-eabi-ar" "COMPILER_FLAGS=  -O2 -c" "EXTRA_COMPILER_FLAGS=-mcpu=cortex-a9 -mfpu=vfpv3 -mfloat-abi=hard -nostartfiles -Wall -Wextra"
"Running Make include in ps7_cortexa9_0/libsrc/qspips_v3_4/src"
make -C ps7_cortexa9_0/libsrc/qspips_v3_4/src -s include  "SHELL=CMD" "COMPILER=arm-none-eabi-gcc" "ARCHIVER=arm-none-eabi-ar" "COMPILER_FLAGS=  -O2 -c" "EXTRA_COMPILER_FLAGS=-mcpu=cortex-a9 -mfpu=vfpv3 -mfloat-abi=hard -nostartfiles -Wall -Wextra"
"Running Make include in ps7_cortexa9_0/libsrc/scugic_v3_8/src"
make -C ps7_cortexa9_0/libsrc/scugic_v3_8/src -s include  "SHELL=CMD" "COMPILER=arm-none-eabi-gcc" "ARCHIVER=arm-none-eabi-ar" "COMPILER_FLAGS=  -O2 -c" "EXTRA_COMPILER_FLAGS=-mcpu=cortex-a9 -mfpu=vfpv3 -mfloat-abi=hard -nostartfiles -Wall -Wextra"
"Running Make include in ps7_cortexa9_0/libsrc/scutimer_v2_1/src"
make -C ps7_cortexa9_0/libsrc/scutimer_v2_1/src -s include  "SHELL=CMD" "COMPILER=arm-none-eabi-gcc" "ARCHIVER=arm-none-eabi-ar" "COMPILER_FLAGS=  -O2 -c" "EXTRA_COMPILER_FLAGS=-mcpu=cortex-a9 -mfpu=vfpv3 -mfloat-abi=hard -nostartfiles -Wall -Wextra"
"Running Make include in ps7_cortexa9_0/libsrc/scuwdt_v2_1/src"
make -C ps7_cortexa9_0/libsrc/scuwdt_v2_1/src -s include  "SHELL=CMD" "COMPILER=arm-none-eabi-gcc" "ARCHIVER=arm-none-eabi-ar" "COMPILER_FLAGS=  -O2 -c" "EXTRA_COMPILER_FLAGS=-mcpu=cortex-a9 -mfpu=vfpv3 -mfloat-abi=hard -nostartfiles -Wall -Wextra"
"Running Make include in ps7_cortexa9_0/libsrc/sdps_v3_3/src"
make -C ps7_cortexa9_0/libsrc/sdps_v3_3/src -s include  "SHELL=CMD" "COMPILER=arm-none-eabi-gcc" "ARCHIVER=arm-none-eabi-ar" "COMPILER_FLAGS=  -O2 -c" "EXTRA_COMPILER_FLAGS=-mcpu=cortex-a9 -mfpu=vfpv3 -mfloat-abi=hard -nostartfiles -Wall -Wextra"
"Running Make include in ps7_cortexa9_0/libsrc/standalone_v6_4/src"
make -C ps7_cortexa9_0/libsrc/standalone_v6_4/src -s include  "SHELL=CMD" "COMPILER=arm-none-eabi-gcc" "ARCHIVER=arm-none-eabi-ar" "COMPILER_FLAGS=  -O2 -c" "EXTRA_COMPILER_FLAGS=-mcpu=cortex-a9 -mfpu=vfpv3 -mfloat-abi=hard -nostartfiles -Wall -Wextra"
"Running Make include in ps7_cortexa9_0/libsrc/uartps_v3_4/src"
make -C ps7_cortexa9_0/libsrc/uartps_v3_4/src -s include  "SHELL=CMD" "COMPILER=arm-none-eabi-gcc" "ARCHIVER=arm-none-eabi-ar" "COMPILER_FLAGS=  -O2 -c" "EXTRA_COMPILER_FLAGS=-mcpu=cortex-a9 -mfpu=vfpv3 -mfloat-abi=hard -nostartfiles -Wall -Wextra"
"Running Make include in ps7_cortexa9_0/libsrc/usbps_v2_4/src"
make -C ps7_cortexa9_0/libsrc/usbps_v2_4/src -s include  "SHELL=CMD" "COMPILER=arm-none-eabi-gcc" "ARCHIVER=arm-none-eabi-ar" "COMPILER_FLAGS=  -O2 -c" "EXTRA_COMPILER_FLAGS=-mcpu=cortex-a9 -mfpu=vfpv3 -mfloat-abi=hard -nostartfiles -Wall -Wextra"
"Running Make include in ps7_cortexa9_0/libsrc/xadcps_v2_2/src"
make -C ps7_cortexa9_0/libsrc/xadcps_v2_2/src -s include  "SHELL=CMD" "COMPILER=arm-none-eabi-gcc" "ARCHIVER=arm-none-eabi-ar" "COMPILER_FLAGS=  -O2 -c" "EXTRA_COMPILER_FLAGS=-mcpu=cortex-a9 -mfpu=vfpv3 -mfloat-abi=hard -nostartfiles -Wall -Wextra"
"Running Make libs in ps7_cortexa9_0/libsrc/bram_v4_2/src"
make -C ps7_cortexa9_0/libsrc/bram_v4_2/src -s libs  "SHELL=CMD" "COMPILER=arm-none-eabi-gcc" "ARCHIVER=arm-none-eabi-ar" "COMPILER_FLAGS=  -O2 -c" "EXTRA_COMPILER_FLAGS=-mcpu=cortex-a9 -mfpu=vfpv3 -mfloat-abi=hard -nostartfiles -Wall -Wextra"
"Compiling bram"
"Running Make libs in ps7_cortexa9_0/libsrc/coresightps_dcc_v1_4/src"
make -C ps7_cortexa9_0/libsrc/coresightps_dcc_v1_4/src -s libs  "SHELL=CMD" "COMPILER=arm-none-eabi-gcc" "ARCHIVER=arm-none-eabi-ar" "COMPILER_FLAGS=  -O2 -c" "EXTRA_COMPILER_FLAGS=-mcpu=cortex-a9 -mfpu=vfpv3 -mfloat-abi=hard -nostartfiles -Wall -Wextra"
"Compiling coresightps_dcc"
"Running Make libs in ps7_cortexa9_0/libsrc/cpu_cortexa9_v2_5/src"
make -C ps7_cortexa9_0/libsrc/cpu_cortexa9_v2_5/src -s libs  "SHELL=CMD" "COMPILER=arm-none-eabi-gcc" "ARCHIVER=arm-none-eabi-ar" "COMPILER_FLAGS=  -O2 -c" "EXTRA_COMPILER_FLAGS=-mcpu=cortex-a9 -mfpu=vfpv3 -mfloat-abi=hard -nostartfiles -Wall -Wextra"
"Compiling cpu_cortexa9"
"Running Make libs in ps7_cortexa9_0/libsrc/ddrps_v1_0/src"
make -C ps7_cortexa9_0/libsrc/ddrps_v1_0/src -s libs  "SHELL=CMD" "COMPILER=arm-none-eabi-gcc" "ARCHIVER=arm-none-eabi-ar" "COMPILER_FLAGS=  -O2 -c" "EXTRA_COMPILER_FLAGS=-mcpu=cortex-a9 -mfpu=vfpv3 -mfloat-abi=hard -nostartfiles -Wall -Wextra"
"Compiling ddrps"
"Running Make libs in ps7_cortexa9_0/libsrc/devcfg_v3_5/src"
make -C ps7_cortexa9_0/libsrc/devcfg_v3_5/src -s libs  "SHELL=CMD" "COMPILER=arm-none-eabi-gcc" "ARCHIVER=arm-none-eabi-ar" "COMPILER_FLAGS=  -O2 -c" "EXTRA_COMPILER_FLAGS=-mcpu=cortex-a9 -mfpu=vfpv3 -mfloat-abi=hard -nostartfiles -Wall -Wextra"
"Compiling devcfg"
"Running Make libs in ps7_cortexa9_0/libsrc/dmaps_v2_3/src"
make -C ps7_cortexa9_0/libsrc/dmaps_v2_3/src -s libs  "SHELL=CMD" "COMPILER=arm-none-eabi-gcc" "ARCHIVER=arm-none-eabi-ar" "COMPILER_FLAGS=  -O2 -c" "EXTRA_COMPILER_FLAGS=-mcpu=cortex-a9 -mfpu=vfpv3 -mfloat-abi=hard -nostartfiles -Wall -Wextra"
"Compiling dmaps"
"Running Make libs in ps7_cortexa9_0/libsrc/emacps_v3_5/src"
make -C ps7_cortexa9_0/libsrc/emacps_v3_5/src -s libs  "SHELL=CMD" "COMPILER=arm-none-eabi-gcc" "ARCHIVER=arm-none-eabi-ar" "COMPILER_FLAGS=  -O2 -c" "EXTRA_COMPILER_FLAGS=-mcpu=cortex-a9 -mfpu=vfpv3 -mfloat-abi=hard -nostartfiles -Wall -Wextra"
"Compiling emacps"
"Running Make libs in ps7_cortexa9_0/libsrc/gpiops_v3_3/src"
make -C ps7_cortexa9_0/libsrc/gpiops_v3_3/src -s libs  "SHELL=CMD" "COMPILER=arm-none-eabi-gcc" "ARCHIVER=arm-none-eabi-ar" "COMPILER_FLAGS=  -O2 -c" "EXTRA_COMPILER_FLAGS=-mcpu=cortex-a9 -mfpu=vfpv3 -mfloat-abi=hard -nostartfiles -Wall -Wextra"
"Compiling gpiops"
"Running Make libs in ps7_cortexa9_0/libsrc/qspips_v3_4/src"
make -C ps7_cortexa9_0/libsrc/qspips_v3_4/src -s libs  "SHELL=CMD" "COMPILER=arm-none-eabi-gcc" "ARCHIVER=arm-none-eabi-ar" "COMPILER_FLAGS=  -O2 -c" "EXTRA_COMPILER_FLAGS=-mcpu=cortex-a9 -mfpu=vfpv3 -mfloat-abi=hard -nostartfiles -Wall -Wextra"
"Compiling qspips"
"Running Make libs in ps7_cortexa9_0/libsrc/scugic_v3_8/src"
make -C ps7_cortexa9_0/libsrc/scugic_v3_8/src -s libs  "SHELL=CMD" "COMPILER=arm-none-eabi-gcc" "ARCHIVER=arm-none-eabi-ar" "COMPILER_FLAGS=  -O2 -c" "EXTRA_COMPILER_FLAGS=-mcpu=cortex-a9 -mfpu=vfpv3 -mfloat-abi=hard -nostartfiles -Wall -Wextra"
"Compiling scugic"
"Running Make libs in ps7_cortexa9_0/libsrc/scutimer_v2_1/src"
make -C ps7_cortexa9_0/libsrc/scutimer_v2_1/src -s libs  "SHELL=CMD" "COMPILER=arm-none-eabi-gcc" "ARCHIVER=arm-none-eabi-ar" "COMPILER_FLAGS=  -O2 -c" "EXTRA_COMPILER_FLAGS=-mcpu=cortex-a9 -mfpu=vfpv3 -mfloat-abi=hard -nostartfiles -Wall -Wextra"
"Compiling scutimer"
"Running Make libs in ps7_cortexa9_0/libsrc/scuwdt_v2_1/src"
make -C ps7_cortexa9_0/libsrc/scuwdt_v2_1/src -s libs  "SHELL=CMD" "COMPILER=arm-none-eabi-gcc" "ARCHIVER=arm-none-eabi-ar" "COMPILER_FLAGS=  -O2 -c" "EXTRA_COMPILER_FLAGS=-mcpu=cortex-a9 -mfpu=vfpv3 -mfloat-abi=hard -nostartfiles -Wall -Wextra"
"Compiling scuwdt"
"Running Make libs in ps7_cortexa9_0/libsrc/sdps_v3_3/src"
make -C ps7_cortexa9_0/libsrc/sdps_v3_3/src -s libs  "SHELL=CMD" "COMPILER=arm-none-eabi-gcc" "ARCHIVER=arm-none-eabi-ar" "COMPILER_FLAGS=  -O2 -c" "EXTRA_COMPILER_FLAGS=-mcpu=cortex-a9 -mfpu=vfpv3 -mfloat-abi=hard -nostartfiles -Wall -Wextra"
"Compiling sdps"
"Running Make libs in ps7_cortexa9_0/libsrc/standalone_v6_4/src"
make -C ps7_cortexa9_0/libsrc/standalone_v6_4/src -s libs  "SHELL=CMD" "COMPILER=arm-none-eabi-gcc" "ARCHIVER=arm-none-eabi-ar" "COMPILER_FLAGS=  -O2 -c" "EXTRA_COMPILER_FLAGS=-mcpu=cortex-a9 -mfpu=vfpv3 -mfloat-abi=hard -nostartfiles -Wall -Wextra"
"Compiling standalone"
"Running Make libs in ps7_cortexa9_0/libsrc/uartps_v3_4/src"
make -C ps7_cortexa9_0/libsrc/uartps_v3_4/src -s libs  "SHELL=CMD" "COMPILER=arm-none-eabi-gcc" "ARCHIVER=arm-none-eabi-ar" "COMPILER_FLAGS=  -O2 -c" "EXTRA_COMPILER_FLAGS=-mcpu=cortex-a9 -mfpu=vfpv3 -mfloat-abi=hard -nostartfiles -Wall -Wextra"
"Compiling uartps"
"Running Make libs in ps7_cortexa9_0/libsrc/usbps_v2_4/src"
make -C ps7_cortexa9_0/libsrc/usbps_v2_4/src -s libs  "SHELL=CMD" "COMPILER=arm-none-eabi-gcc" "ARCHIVER=arm-none-eabi-ar" "COMPILER_FLAGS=  -O2 -c" "EXTRA_COMPILER_FLAGS=-mcpu=cortex-a9 -mfpu=vfpv3 -mfloat-abi=hard -nostartfiles -Wall -Wextra"
"Compiling usbps"
"Running Make libs in ps7_cortexa9_0/libsrc/xadcps_v2_2/src"
make -C ps7_cortexa9_0/libsrc/xadcps_v2_2/src -s libs  "SHELL=CMD" "COMPILER=arm-none-eabi-gcc" "ARCHIVER=arm-none-eabi-ar" "COMPILER_FLAGS=  -O2 -c" "EXTRA_COMPILER_FLAGS=-mcpu=cortex-a9 -mfpu=vfpv3 -mfloat-abi=hard -nostartfiles -Wall -Wextra"
"Compiling xadcps"
'Finished building libraries'
22:48:13 **** Auto Build of configuration Debug for project HelloWorld ****
make pre-build main-build 
a9-linaro-pre-build-step
' '
'Building file: ../src/helloworld.c'
'Invoking: ARM v7 gcc compiler'
arm-none-eabi-gcc -Wall -O0 -g3 -c -fmessage-length=0 -MT"src/helloworld.o" -mcpu=cortex-a9 -mfpu=vfpv3 -mfloat-abi=hard -I../../standalone_bsp_0/ps7_cortexa9_0/include -MMD -MP -MF"src/helloworld.d" -MT"src/helloworld.o" -o "src/helloworld.o" "../src/helloworld.c"
'Finished building: ../src/helloworld.c'
' '
'Building file: ../src/platform.c'
'Invoking: ARM v7 gcc compiler'
arm-none-eabi-gcc -Wall -O0 -g3 -c -fmessage-length=0 -MT"src/platform.o" -mcpu=cortex-a9 -mfpu=vfpv3 -mfloat-abi=hard -I../../standalone_bsp_0/ps7_cortexa9_0/include -MMD -MP -MF"src/platform.d" -MT"src/platform.o" -o "src/platform.o" "../src/platform.c"
'Finished building: ../src/platform.c'
' '
'Building target: HelloWorld.elf'
'Invoking: ARM v7 gcc linker'
arm-none-eabi-gcc -mcpu=cortex-a9 -mfpu=vfpv3 -mfloat-abi=hard -Wl,-build-id=none -specs=Xilinx.spec -Wl,-T -Wl,../src/lscript.ld -L../../standalone_bsp_0/ps7_cortexa9_0/lib -o "HelloWorld.elf"  ./src/helloworld.o ./src/platform.o   -Wl,--start-group,-lxil,-lgcc,-lc,--end-group
'Finished building target: HelloWorld.elf'
' '
'Invoking: ARM v7 Print Size'
arm-none-eabi-size HelloWorld.elf  |tee "HelloWorld.elf.size"
   text	   data	    bss	    dec	    hex	filename
  19384	   1148	  22568	  43100	   a85c	HelloWorld.elf
'Finished building: HelloWorld.elf.size'
' '
22:48:15 **** Auto Build of configuration Debug for project BRAM_DMA_TEST ****
make pre-build main-build 
a9-linaro-pre-build-step
' '
'Building file: ../src/dma_test.c'
'Invoking: ARM v7 gcc compiler'
arm-none-eabi-gcc -Wall -O0 -g3 -c -fmessage-length=0 -MT"src/dma_test.o" -mcpu=cortex-a9 -mfpu=vfpv3 -mfloat-abi=hard -I../../standalone_bsp_0/ps7_cortexa9_0/include -MMD -MP -MF"src/dma_test.d" -MT"src/dma_test.o" -o "src/dma_test.o" "../src/dma_test.c"
'Finished building: ../src/dma_test.c'
' '
'Building target: BRAM_DMA_TEST.elf'
'Invoking: ARM v7 gcc linker'
arm-none-eabi-gcc -mcpu=cortex-a9 -mfpu=vfpv3 -mfloat-abi=hard -Wl,-build-id=none -specs=Xilinx.spec -Wl,-T -Wl,../src/lscript.ld -L../../standalone_bsp_0/ps7_cortexa9_0/lib -o "BRAM_DMA_TEST.elf"  ./src/dma_test.o   -Wl,--start-group,-lxil,-lgcc,-lc,--end-group
'Finished building target: BRAM_DMA_TEST.elf'
' '
'Invoking: ARM v7 Print Size'
arm-none-eabi-size BRAM_DMA_TEST.elf  |tee "BRAM_DMA_TEST.elf.size"
   text	   data	    bss	    dec	    hex	filename
  40452	   2764	  25160	  68376	  10b18	BRAM_DMA_TEST.elf
'Finished building: BRAM_DMA_TEST.elf.size'
' '
23:03:54 **** Incremental Build of configuration Debug for project HelloWorld ****
make pre-build main-build 
a9-linaro-pre-build-step
' '
make: Nothing to be done for `main-build'.
23:04:22 **** Incremental Build of configuration Debug for project BRAM_DMA_TEST ****
make pre-build main-build 
a9-linaro-pre-build-step
' '
make: Nothing to be done for `main-build'.
23:07:32 **** Clean-only build of configuration Debug for project x_bch ****
make clean 
rm -rf  ./src/main.d  ./src/BinaryMatrix.o ./src/GFMatrix.o ./src/GaloisField.o ./src/ecclib.o ./src/main.o ./src/platform.o  ./src/platform.d  ./src/BinaryMatrix.d ./src/GFMatrix.d ./src/GaloisField.d ./src/ecclib.d  x_bch.elf.size  x_bch.elf
' '
23:07:32 **** Build of configuration Debug for project x_bch ****
make pre-build main-build 
a9-linaro-pre-build-step
' '
'Building file: ../src/BinaryMatrix.cpp'
'Invoking: ARM v7 g++ compiler'
arm-none-eabi-g++ -Wall -O0 -g3 -c -fmessage-length=0 -MT"src/BinaryMatrix.o" -mcpu=cortex-a9 -mfpu=vfpv3 -mfloat-abi=hard -I../../standalone_bsp_0/ps7_cortexa9_0/include -MMD -MP -MF"src/BinaryMatrix.d" -MT"src/BinaryMatrix.o" -o "src/BinaryMatrix.o" "../src/BinaryMatrix.cpp"
'Finished building: ../src/BinaryMatrix.cpp'
' '
'Building file: ../src/GFMatrix.cpp'
'Invoking: ARM v7 g++ compiler'
arm-none-eabi-g++ -Wall -O0 -g3 -c -fmessage-length=0 -MT"src/GFMatrix.o" -mcpu=cortex-a9 -mfpu=vfpv3 -mfloat-abi=hard -I../../standalone_bsp_0/ps7_cortexa9_0/include -MMD -MP -MF"src/GFMatrix.d" -MT"src/GFMatrix.o" -o "src/GFMatrix.o" "../src/GFMatrix.cpp"
'Finished building: ../src/GFMatrix.cpp'
' '
'Building file: ../src/GaloisField.cpp'
'Invoking: ARM v7 g++ compiler'
arm-none-eabi-g++ -Wall -O0 -g3 -c -fmessage-length=0 -MT"src/GaloisField.o" -mcpu=cortex-a9 -mfpu=vfpv3 -mfloat-abi=hard -I../../standalone_bsp_0/ps7_cortexa9_0/include -MMD -MP -MF"src/GaloisField.d" -MT"src/GaloisField.o" -o "src/GaloisField.o" "../src/GaloisField.cpp"
'Finished building: ../src/GaloisField.cpp'
' '
'Building file: ../src/ecclib.cpp'
'Invoking: ARM v7 g++ compiler'
arm-none-eabi-g++ -Wall -O0 -g3 -c -fmessage-length=0 -MT"src/ecclib.o" -mcpu=cortex-a9 -mfpu=vfpv3 -mfloat-abi=hard -I../../standalone_bsp_0/ps7_cortexa9_0/include -MMD -MP -MF"src/ecclib.d" -MT"src/ecclib.o" -o "src/ecclib.o" "../src/ecclib.cpp"
'Finished building: ../src/ecclib.cpp'
' '
'Building file: ../src/main.cc'
'Invoking: ARM v7 g++ compiler'
arm-none-eabi-g++ -Wall -O0 -g3 -c -fmessage-length=0 -MT"src/main.o" -mcpu=cortex-a9 -mfpu=vfpv3 -mfloat-abi=hard -I../../standalone_bsp_0/ps7_cortexa9_0/include -MMD -MP -MF"src/main.d" -MT"src/main.o" -o "src/main.o" "../src/main.cc"
../src/main.cc: In function 'void test_BCH_Encode()':
../src/main.cc:67:6: warning: unused variable 'encoded_bit_len' [-Wunused-variable]
  int encoded_bit_len = 63;
      ^~~~~~~~~~~~~~~
../src/main.cc:68:6: warning: unused variable 't' [-Wunused-variable]
  int t = 3;
      ^
../src/main.cc:69:6: warning: unused variable 'mbytes' [-Wunused-variable]
  int mbytes = 1;
      ^~~~~~
../src/main.cc:78:7: warning: unused variable 'encoded' [-Wunused-variable]
  auto encoded = bch.Encode(input_bytes);
       ^~~~~~~
../src/main.cc: In function 'void test_BCH_Decode(bool)':
../src/main.cc:93:10: warning: variable 'buffer' set but not used [-Wunused-but-set-variable]
   char * buffer = new char[500];
          ^~~~~~
'Finished building: ../src/main.cc'
' '
'Building file: ../src/platform.c'
'Invoking: ARM v7 g++ compiler'
arm-none-eabi-g++ -Wall -O0 -g3 -c -fmessage-length=0 -MT"src/platform.o" -mcpu=cortex-a9 -mfpu=vfpv3 -mfloat-abi=hard -I../../standalone_bsp_0/ps7_cortexa9_0/include -MMD -MP -MF"src/platform.d" -MT"src/platform.o" -o "src/platform.o" "../src/platform.c"
'Finished building: ../src/platform.c'
' '
'Building target: x_bch.elf'
'Invoking: ARM v7 g++ linker'
arm-none-eabi-g++ -mcpu=cortex-a9 -mfpu=vfpv3 -mfloat-abi=hard -Wl,-build-id=none -specs=Xilinx.spec -Wl,-T -Wl,../src/lscript.ld -L../../standalone_bsp_0/ps7_cortexa9_0/lib -o "x_bch.elf"  ./src/BinaryMatrix.o ./src/GFMatrix.o ./src/GaloisField.o ./src/ecclib.o ./src/main.o ./src/platform.o   -Wl,--start-group,-lxil,-lgcc,-lc,-lstdc++,--end-group
'Finished building target: x_bch.elf'
' '
'Invoking: ARM v7 Print Size'
arm-none-eabi-size x_bch.elf  |tee "x_bch.elf.size"
   text	   data	    bss	    dec	    hex	filename
 817794	   2836	110253660	111074290	69edbf2	x_bch.elf
'Finished building: x_bch.elf.size'
' '
23:08:05 **** Incremental Build of configuration Debug for project HelloWorld ****
make pre-build main-build 
a9-linaro-pre-build-step
' '
make: Nothing to be done for `main-build'.
23:08:06 **** Incremental Build of configuration Debug for project BRAM_DMA_TEST ****
make pre-build main-build 
a9-linaro-pre-build-step
' '
make: Nothing to be done for `main-build'.
23:08:06 **** Incremental Build of configuration Debug for project x_bch ****
make pre-build main-build 
a9-linaro-pre-build-step
' '
make: Nothing to be done for `main-build'.
23:08:38 **** Incremental Build of configuration Debug for project x_bch ****
make pre-build main-build 
a9-linaro-pre-build-step
' '
make: Nothing to be done for `main-build'.
19:22:36 **** Build of configuration Debug for project bch_accel ****
make pre-build main-build 
a9-linaro-pre-build-step
' '
'Building file: ../src/main.cc'
'Invoking: ARM v7 g++ compiler'
arm-none-eabi-g++ -Wall -O0 -g3 -c -fmessage-length=0 -MT"src/main.o" -mcpu=cortex-a9 -mfpu=vfpv3 -mfloat-abi=hard -IH:/dev/CSASA/vivaldo_starter/bram_designed_memory_speedtested_working/bram_designed_memory_speedtested_working.sdk/standalone_bsp_0/ps7_cortexa9_0/include -MMD -MP -MF"src/main.d" -MT"src/main.o" -o "src/main.o" "../src/main.cc"
'Finished building: ../src/main.cc'
' '
'Building target: bch_accel.elf'
'Invoking: ARM v7 g++ linker'
arm-none-eabi-g++ -mcpu=cortex-a9 -mfpu=vfpv3 -mfloat-abi=hard -Wl,-build-id=none -specs=Xilinx.spec -Wl,-T -Wl,../src/lscript.ld -LH:/dev/CSASA/vivaldo_starter/bram_designed_memory_speedtested_working/bram_designed_memory_speedtested_working.sdk/standalone_bsp_0/ps7_cortexa9_0/lib -o "bch_accel.elf"  ./src/main.o   -Wl,--start-group,-lxil,-lgcc,-lc,-lstdc++,--end-group
'Finished building target: bch_accel.elf'
' '
'Invoking: ARM v7 Print Size'
arm-none-eabi-size bch_accel.elf  |tee "bch_accel.elf.size"
   text	   data	    bss	    dec	    hex	filename
  19056	   1148	  22576	  42780	   a71c	bch_accel.elf
'Finished building: bch_accel.elf.size'
' '
19:22:39 **** Auto Build of configuration Debug for project bch_accel ****
make pre-build main-build 
a9-linaro-pre-build-step
' '
make: Nothing to be done for `main-build'.
19:35:07 **** Auto Build of configuration Debug for project bch_accel ****
make pre-build main-build 
a9-linaro-pre-build-step
' '
'Building file: ../src/BinaryMatrix.cpp'
'Invoking: ARM v7 g++ compiler'
arm-none-eabi-g++ -Wall -O0 -g3 -c -fmessage-length=0 -MT"src/BinaryMatrix.o" -mcpu=cortex-a9 -mfpu=vfpv3 -mfloat-abi=hard -IH:/dev/CSASA/vivaldo_starter/bram_designed_memory_speedtested_working/bram_designed_memory_speedtested_working.sdk/standalone_bsp_0/ps7_cortexa9_0/include -MMD -MP -MF"src/BinaryMatrix.d" -MT"src/BinaryMatrix.o" -o "src/BinaryMatrix.o" "../src/BinaryMatrix.cpp"
In file included from ../src/BinaryMatrix.h:6:0,
                 from ../src/BinaryMatrix.cpp:1:
../src/ecclib.h:100:30: error: ISO C++ forbids in-class initialization of non-const static member 'EccLib::BCH::Done'
   volatile static int Done = 0; /* Dma transfer is done */
                              ^
../src/ecclib.h:101:31: error: ISO C++ forbids in-class initialization of non-const static member 'EccLib::BCH::Error'
   volatile static int Error = 0; /* Dma Bus Error occurs */
                               ^
make: *** [src/BinaryMatrix.o] Error 1
19:35:38 **** Auto Build of configuration Debug for project bch_accel ****
make pre-build main-build 
a9-linaro-pre-build-step
' '
'Building file: ../src/BinaryMatrix.cpp'
'Invoking: ARM v7 g++ compiler'
arm-none-eabi-g++ -Wall -O0 -g3 -c -fmessage-length=0 -MT"src/BinaryMatrix.o" -mcpu=cortex-a9 -mfpu=vfpv3 -mfloat-abi=hard -IH:/dev/CSASA/vivaldo_starter/bram_designed_memory_speedtested_working/bram_designed_memory_speedtested_working.sdk/standalone_bsp_0/ps7_cortexa9_0/include -MMD -MP -MF"src/BinaryMatrix.d" -MT"src/BinaryMatrix.o" -o "src/BinaryMatrix.o" "../src/BinaryMatrix.cpp"
'Finished building: ../src/BinaryMatrix.cpp'
' '
'Building file: ../src/GFMatrix.cpp'
'Invoking: ARM v7 g++ compiler'
arm-none-eabi-g++ -Wall -O0 -g3 -c -fmessage-length=0 -MT"src/GFMatrix.o" -mcpu=cortex-a9 -mfpu=vfpv3 -mfloat-abi=hard -IH:/dev/CSASA/vivaldo_starter/bram_designed_memory_speedtested_working/bram_designed_memory_speedtested_working.sdk/standalone_bsp_0/ps7_cortexa9_0/include -MMD -MP -MF"src/GFMatrix.d" -MT"src/GFMatrix.o" -o "src/GFMatrix.o" "../src/GFMatrix.cpp"
'Finished building: ../src/GFMatrix.cpp'
' '
'Building file: ../src/GaloisField.cpp'
'Invoking: ARM v7 g++ compiler'
arm-none-eabi-g++ -Wall -O0 -g3 -c -fmessage-length=0 -MT"src/GaloisField.o" -mcpu=cortex-a9 -mfpu=vfpv3 -mfloat-abi=hard -IH:/dev/CSASA/vivaldo_starter/bram_designed_memory_speedtested_working/bram_designed_memory_speedtested_working.sdk/standalone_bsp_0/ps7_cortexa9_0/include -MMD -MP -MF"src/GaloisField.d" -MT"src/GaloisField.o" -o "src/GaloisField.o" "../src/GaloisField.cpp"
'Finished building: ../src/GaloisField.cpp'
' '
'Building file: ../src/ecclib.cpp'
'Invoking: ARM v7 g++ compiler'
arm-none-eabi-g++ -Wall -O0 -g3 -c -fmessage-length=0 -MT"src/ecclib.o" -mcpu=cortex-a9 -mfpu=vfpv3 -mfloat-abi=hard -IH:/dev/CSASA/vivaldo_starter/bram_designed_memory_speedtested_working/bram_designed_memory_speedtested_working.sdk/standalone_bsp_0/ps7_cortexa9_0/include -MMD -MP -MF"src/ecclib.d" -MT"src/ecclib.o" -o "src/ecclib.o" "../src/ecclib.cpp"
../src/ecclib.cpp: In member function 'void EccLib::BCH::LoadBRAM_w_GenMat(std::vector<unsigned char>&)':
../src/ecclib.cpp:41:31: error: 'generatormatrix' was not declared in this scope
   int * gmwordarray = new int[generatormatrix.size() / 4];
                               ^~~~~~~~~~~~~~~
../src/ecclib.cpp:42:18: warning: comparison between signed and unsigned integer expressions [-Wsign-compare]
   for (int i=0; i<generatormatrixfile.size(); i=i+4) {
                 ~^~~~~~~~~~~~~~~~~~~~~~~~~~~
../src/ecclib.cpp:45:13: warning: statement has no effect [-Wunused-value]
     newword << 8;
     ~~~~~~~~^~~~
../src/ecclib.cpp:48:23: error: 'neword' was not declared in this scope
    gmwordarray[i/4] = neword;
                       ^~~~~~
In file included from H:/dev/CSASA/vivaldo_starter/bram_designed_memory_speedtested_working/bram_designed_memory_speedtested_working.sdk/standalone_bsp_0/ps7_cortexa9_0/include/xuartps.h:187:0,
                 from ../src/ecclib.h:15,
                 from ../src/ecclib.cpp:1:
H:/dev/CSASA/vivaldo_starter/bram_designed_memory_speedtested_working/bram_designed_memory_speedtested_working.sdk/standalone_bsp_0/ps7_cortexa9_0/include/xstatus.h:65:41: error: return-statement with a value, in function returning 'void' [-fpermissive]
 #define XST_FAILURE                     1L
                                         ^
../src/ecclib.cpp:88:11: note: in expansion of macro 'XST_FAILURE'
    return XST_FAILURE;
           ^~~~~~~~~~~
H:/dev/CSASA/vivaldo_starter/bram_designed_memory_speedtested_working/bram_designed_memory_speedtested_working.sdk/standalone_bsp_0/ps7_cortexa9_0/include/xstatus.h:65:41: error: return-statement with a value, in function returning 'void' [-fpermissive]
 #define XST_FAILURE                     1L
                                         ^
../src/ecclib.cpp:93:11: note: in expansion of macro 'XST_FAILURE'
    return XST_FAILURE;
           ^~~~~~~~~~~
H:/dev/CSASA/vivaldo_starter/bram_designed_memory_speedtested_working/bram_designed_memory_speedtested_working.sdk/standalone_bsp_0/ps7_cortexa9_0/include/xstatus.h:65:41: error: return-statement with a value, in function returning 'void' [-fpermissive]
 #define XST_FAILURE                     1L
                                         ^
../src/ecclib.cpp:102:11: note: in expansion of macro 'XST_FAILURE'
    return XST_FAILURE;
           ^~~~~~~~~~~
H:/dev/CSASA/vivaldo_starter/bram_designed_memory_speedtested_working/bram_designed_memory_speedtested_working.sdk/standalone_bsp_0/ps7_cortexa9_0/include/xstatus.h:65:41: error: return-statement with a value, in function returning 'void' [-fpermissive]
 #define XST_FAILURE                     1L
                                         ^
../src/ecclib.cpp:110:11: note: in expansion of macro 'XST_FAILURE'
    return XST_FAILURE;
           ^~~~~~~~~~~
H:/dev/CSASA/vivaldo_starter/bram_designed_memory_speedtested_working/bram_designed_memory_speedtested_working.sdk/standalone_bsp_0/ps7_cortexa9_0/include/xstatus.h:65:41: error: return-statement with a value, in function returning 'void' [-fpermissive]
 #define XST_FAILURE                     1L
                                         ^
../src/ecclib.cpp:117:11: note: in expansion of macro 'XST_FAILURE'
    return XST_FAILURE;
           ^~~~~~~~~~~
H:/dev/CSASA/vivaldo_starter/bram_designed_memory_speedtested_working/bram_designed_memory_speedtested_working.sdk/standalone_bsp_0/ps7_cortexa9_0/include/xstatus.h:65:41: error: return-statement with a value, in function returning 'void' [-fpermissive]
 #define XST_FAILURE                     1L
                                         ^
../src/ecclib.cpp:138:11: note: in expansion of macro 'XST_FAILURE'
    return XST_FAILURE;
           ^~~~~~~~~~~
H:/dev/CSASA/vivaldo_starter/bram_designed_memory_speedtested_working/bram_designed_memory_speedtested_working.sdk/standalone_bsp_0/ps7_cortexa9_0/include/xstatus.h:65:41: error: return-statement with a value, in function returning 'void' [-fpermissive]
 #define XST_FAILURE                     1L
                                         ^
../src/ecclib.cpp:145:11: note: in expansion of macro 'XST_FAILURE'
    return XST_FAILURE;
           ^~~~~~~~~~~
H:/dev/CSASA/vivaldo_starter/bram_designed_memory_speedtested_working/bram_designed_memory_speedtested_working.sdk/standalone_bsp_0/ps7_cortexa9_0/include/xstatus.h:65:41: error: return-statement with a value, in function returning 'void' [-fpermissive]
 #define XST_FAILURE                     1L
                                         ^
../src/ecclib.cpp:152:11: note: in expansion of macro 'XST_FAILURE'
    return XST_FAILURE;
           ^~~~~~~~~~~
../src/ecclib.cpp:50:6: warning: unused variable 'select' [-Wunused-variable]
   u8 select;
      ^~~~~~
../src/ecclib.cpp:52:6: warning: unused variable 'num_in' [-Wunused-variable]
   u8 num_in;
      ^~~~~~
../src/ecclib.cpp:53:7: warning: unused variable 'dma_improvement' [-Wunused-variable]
   int dma_improvement;
       ^~~~~~~~~~~~~~~
../src/ecclib.cpp:56:7: warning: unused variable 'software_cycles' [-Wunused-variable]
   int software_cycles, interrupt_cycles;
       ^~~~~~~~~~~~~~~
../src/ecclib.cpp:56:24: warning: unused variable 'interrupt_cycles' [-Wunused-variable]
   int software_cycles, interrupt_cycles;
                        ^~~~~~~~~~~~~~~~
../src/ecclib.cpp:79:16: warning: unused variable 'Channel' [-Wunused-variable]
   unsigned int Channel = 0;
                ^~~~~~~
../src/ecclib.cpp: In member function 'unsigned char* EccLib::BCH::Encode(unsigned char*)':
../src/ecclib.cpp:258:26: error: invalid type argument of unary '*' (have 'unsigned int')
    *(BRAM_TOENCODE_ADDR+i) = 0xffff_ffff;
                          ^
../src/ecclib.cpp:258:30: error: unable to find numeric literal operator 'operator""_ffff'
    *(BRAM_TOENCODE_ADDR+i) = 0xffff_ffff;
                              ^~~~~~~~~~~
In file included from ../src/ecclib.cpp:1:0:
../src/ecclib.h:41:29: error: unable to find numeric literal operator 'operator""_ffff'
 #define ANDXOR_AXI_BASEADDR 0xffff_ffff
                             ^
../src/ecclib.cpp:261:12: note: in expansion of macro 'ANDXOR_AXI_BASEADDR'
   while (*(ANDXOR_AXI_BASEADDR + 3)&1 != 1) {}
            ^~~~~~~~~~~~~~~~~~~
../src/ecclib.h:41:29: error: unable to find numeric literal operator 'operator""_ffff'
 #define ANDXOR_AXI_BASEADDR 0xffff_ffff
                             ^
../src/ecclib.cpp:268:5: note: in expansion of macro 'ANDXOR_AXI_BASEADDR'
   *(ANDXOR_AXI_BASEADDR+1) = ivcwlen;
     ^~~~~~~~~~~~~~~~~~~
../src/ecclib.h:41:29: error: unable to find numeric literal operator 'operator""_ffff'
 #define ANDXOR_AXI_BASEADDR 0xffff_ffff
                             ^
../src/ecclib.cpp:271:5: note: in expansion of macro 'ANDXOR_AXI_BASEADDR'
   *(ANDXOR_AXI_BASEADDR+3) = 1;
     ^~~~~~~~~~~~~~~~~~~
../src/ecclib.h:41:29: error: unable to find numeric literal operator 'operator""_ffff'
 #define ANDXOR_AXI_BASEADDR 0xffff_ffff
                             ^
../src/ecclib.cpp:273:12: note: in expansion of macro 'ANDXOR_AXI_BASEADDR'
   while (*(ANDXOR_AXI_BASEADDR + 3)&1 != 1) {}
            ^~~~~~~~~~~~~~~~~~~
../src/ecclib.cpp:276:43: error: invalid type argument of unary '*' (have 'unsigned int')
    encodedwords[i] = *(BRAM_ENCODED_ADDR+i);
                                           ^
../src/ecclib.cpp:278:10: error: invalid conversion from 'char*' to 'unsigned char*' [-fpermissive]
   return (char*)encodedwords;
          ^~~~~~~~~~~~~~~~~~~
make: *** [src/ecclib.o] Error 1
19:36:26 **** Auto Build of configuration Debug for project bch_accel ****
make pre-build main-build 
a9-linaro-pre-build-step
' '
'Building file: ../src/ecclib.cpp'
'Invoking: ARM v7 g++ compiler'
arm-none-eabi-g++ -Wall -O0 -g3 -c -fmessage-length=0 -MT"src/ecclib.o" -mcpu=cortex-a9 -mfpu=vfpv3 -mfloat-abi=hard -IH:/dev/CSASA/vivaldo_starter/bram_designed_memory_speedtested_working/bram_designed_memory_speedtested_working.sdk/standalone_bsp_0/ps7_cortexa9_0/include -MMD -MP -MF"src/ecclib.d" -MT"src/ecclib.o" -o "src/ecclib.o" "../src/ecclib.cpp"
../src/ecclib.cpp: In member function 'void EccLib::BCH::LoadBRAM_w_GenMat(std::vector<unsigned char>&)':
../src/ecclib.cpp:42:18: warning: comparison between signed and unsigned integer expressions [-Wsign-compare]
   for (int i=0; i<generatormatrixfile.size(); i=i+4) {
                 ~^~~~~~~~~~~~~~~~~~~~~~~~~~~
../src/ecclib.cpp:45:13: warning: statement has no effect [-Wunused-value]
     newword << 8;
     ~~~~~~~~^~~~
../src/ecclib.cpp:48:23: error: 'neword' was not declared in this scope
    gmwordarray[i/4] = neword;
                       ^~~~~~
In file included from H:/dev/CSASA/vivaldo_starter/bram_designed_memory_speedtested_working/bram_designed_memory_speedtested_working.sdk/standalone_bsp_0/ps7_cortexa9_0/include/xuartps.h:187:0,
                 from ../src/ecclib.h:15,
                 from ../src/ecclib.cpp:1:
H:/dev/CSASA/vivaldo_starter/bram_designed_memory_speedtested_working/bram_designed_memory_speedtested_working.sdk/standalone_bsp_0/ps7_cortexa9_0/include/xstatus.h:65:41: error: return-statement with a value, in function returning 'void' [-fpermissive]
 #define XST_FAILURE                     1L
                                         ^
../src/ecclib.cpp:88:11: note: in expansion of macro 'XST_FAILURE'
    return XST_FAILURE;
           ^~~~~~~~~~~
H:/dev/CSASA/vivaldo_starter/bram_designed_memory_speedtested_working/bram_designed_memory_speedtested_working.sdk/standalone_bsp_0/ps7_cortexa9_0/include/xstatus.h:65:41: error: return-statement with a value, in function returning 'void' [-fpermissive]
 #define XST_FAILURE                     1L
                                         ^
../src/ecclib.cpp:93:11: note: in expansion of macro 'XST_FAILURE'
    return XST_FAILURE;
           ^~~~~~~~~~~
H:/dev/CSASA/vivaldo_starter/bram_designed_memory_speedtested_working/bram_designed_memory_speedtested_working.sdk/standalone_bsp_0/ps7_cortexa9_0/include/xstatus.h:65:41: error: return-statement with a value, in function returning 'void' [-fpermissive]
 #define XST_FAILURE                     1L
                                         ^
../src/ecclib.cpp:102:11: note: in expansion of macro 'XST_FAILURE'
    return XST_FAILURE;
           ^~~~~~~~~~~
H:/dev/CSASA/vivaldo_starter/bram_designed_memory_speedtested_working/bram_designed_memory_speedtested_working.sdk/standalone_bsp_0/ps7_cortexa9_0/include/xstatus.h:65:41: error: return-statement with a value, in function returning 'void' [-fpermissive]
 #define XST_FAILURE                     1L
                                         ^
../src/ecclib.cpp:110:11: note: in expansion of macro 'XST_FAILURE'
    return XST_FAILURE;
           ^~~~~~~~~~~
H:/dev/CSASA/vivaldo_starter/bram_designed_memory_speedtested_working/bram_designed_memory_speedtested_working.sdk/standalone_bsp_0/ps7_cortexa9_0/include/xstatus.h:65:41: error: return-statement with a value, in function returning 'void' [-fpermissive]
 #define XST_FAILURE                     1L
                                         ^
../src/ecclib.cpp:117:11: note: in expansion of macro 'XST_FAILURE'
    return XST_FAILURE;
           ^~~~~~~~~~~
H:/dev/CSASA/vivaldo_starter/bram_designed_memory_speedtested_working/bram_designed_memory_speedtested_working.sdk/standalone_bsp_0/ps7_cortexa9_0/include/xstatus.h:65:41: error: return-statement with a value, in function returning 'void' [-fpermissive]
 #define XST_FAILURE                     1L
                                         ^
../src/ecclib.cpp:138:11: note: in expansion of macro 'XST_FAILURE'
    return XST_FAILURE;
           ^~~~~~~~~~~
H:/dev/CSASA/vivaldo_starter/bram_designed_memory_speedtested_working/bram_designed_memory_speedtested_working.sdk/standalone_bsp_0/ps7_cortexa9_0/include/xstatus.h:65:41: error: return-statement with a value, in function returning 'void' [-fpermissive]
 #define XST_FAILURE                     1L
                                         ^
../src/ecclib.cpp:145:11: note: in expansion of macro 'XST_FAILURE'
    return XST_FAILURE;
           ^~~~~~~~~~~
H:/dev/CSASA/vivaldo_starter/bram_designed_memory_speedtested_working/bram_designed_memory_speedtested_working.sdk/standalone_bsp_0/ps7_cortexa9_0/include/xstatus.h:65:41: error: return-statement with a value, in function returning 'void' [-fpermissive]
 #define XST_FAILURE                     1L
                                         ^
../src/ecclib.cpp:152:11: note: in expansion of macro 'XST_FAILURE'
    return XST_FAILURE;
           ^~~~~~~~~~~
../src/ecclib.cpp:163:9: error: 'generatormatrix' was not declared in this scope
   num = generatormatrix.size() / 4;
         ^~~~~~~~~~~~~~~
../src/ecclib.cpp:50:6: warning: unused variable 'select' [-Wunused-variable]
   u8 select;
      ^~~~~~
../src/ecclib.cpp:52:6: warning: unused variable 'num_in' [-Wunused-variable]
   u8 num_in;
      ^~~~~~
../src/ecclib.cpp:53:7: warning: unused variable 'dma_improvement' [-Wunused-variable]
   int dma_improvement;
       ^~~~~~~~~~~~~~~
../src/ecclib.cpp:56:7: warning: unused variable 'software_cycles' [-Wunused-variable]
   int software_cycles, interrupt_cycles;
       ^~~~~~~~~~~~~~~
../src/ecclib.cpp:56:24: warning: unused variable 'interrupt_cycles' [-Wunused-variable]
   int software_cycles, interrupt_cycles;
                        ^~~~~~~~~~~~~~~~
../src/ecclib.cpp:79:16: warning: unused variable 'Channel' [-Wunused-variable]
   unsigned int Channel = 0;
                ^~~~~~~
../src/ecclib.cpp: In member function 'unsigned char* EccLib::BCH::Encode(unsigned char*)':
../src/ecclib.cpp:258:26: error: invalid type argument of unary '*' (have 'unsigned int')
    *(BRAM_TOENCODE_ADDR+i) = 0xffff_ffff;
                          ^
../src/ecclib.cpp:258:30: error: unable to find numeric literal operator 'operator""_ffff'
    *(BRAM_TOENCODE_ADDR+i) = 0xffff_ffff;
                              ^~~~~~~~~~~
In file included from ../src/ecclib.cpp:1:0:
../src/ecclib.h:41:29: error: unable to find numeric literal operator 'operator""_ffff'
 #define ANDXOR_AXI_BASEADDR 0xffff_ffff
                             ^
../src/ecclib.cpp:261:12: note: in expansion of macro 'ANDXOR_AXI_BASEADDR'
   while (*(ANDXOR_AXI_BASEADDR + 3)&1 != 1) {}
            ^~~~~~~~~~~~~~~~~~~
../src/ecclib.h:41:29: error: unable to find numeric literal operator 'operator""_ffff'
 #define ANDXOR_AXI_BASEADDR 0xffff_ffff
                             ^
../src/ecclib.cpp:268:5: note: in expansion of macro 'ANDXOR_AXI_BASEADDR'
   *(ANDXOR_AXI_BASEADDR+1) = ivcwlen;
     ^~~~~~~~~~~~~~~~~~~
../src/ecclib.h:41:29: error: unable to find numeric literal operator 'operator""_ffff'
 #define ANDXOR_AXI_BASEADDR 0xffff_ffff
                             ^
../src/ecclib.cpp:271:5: note: in expansion of macro 'ANDXOR_AXI_BASEADDR'
   *(ANDXOR_AXI_BASEADDR+3) = 1;
     ^~~~~~~~~~~~~~~~~~~
../src/ecclib.h:41:29: error: unable to find numeric literal operator 'operator""_ffff'
 #define ANDXOR_AXI_BASEADDR 0xffff_ffff
                             ^
../src/ecclib.cpp:273:12: note: in expansion of macro 'ANDXOR_AXI_BASEADDR'
   while (*(ANDXOR_AXI_BASEADDR + 3)&1 != 1) {}
            ^~~~~~~~~~~~~~~~~~~
../src/ecclib.cpp:276:43: error: invalid type argument of unary '*' (have 'unsigned int')
    encodedwords[i] = *(BRAM_ENCODED_ADDR+i);
                                           ^
../src/ecclib.cpp:278:10: error: invalid conversion from 'char*' to 'unsigned char*' [-fpermissive]
   return (char*)encodedwords;
          ^~~~~~~~~~~~~~~~~~~
make: *** [src/ecclib.o] Error 1
19:36:57 **** Auto Build of configuration Debug for project bch_accel ****
make pre-build main-build 
a9-linaro-pre-build-step
' '
'Building file: ../src/ecclib.cpp'
'Invoking: ARM v7 g++ compiler'
arm-none-eabi-g++ -Wall -O0 -g3 -c -fmessage-length=0 -MT"src/ecclib.o" -mcpu=cortex-a9 -mfpu=vfpv3 -mfloat-abi=hard -IH:/dev/CSASA/vivaldo_starter/bram_designed_memory_speedtested_working/bram_designed_memory_speedtested_working.sdk/standalone_bsp_0/ps7_cortexa9_0/include -MMD -MP -MF"src/ecclib.d" -MT"src/ecclib.o" -o "src/ecclib.o" "../src/ecclib.cpp"
../src/ecclib.cpp: In member function 'void EccLib::BCH::LoadBRAM_w_GenMat(std::vector<unsigned char>&)':
../src/ecclib.cpp:42:18: warning: comparison between signed and unsigned integer expressions [-Wsign-compare]
   for (int i=0; i<generatormatrixfile.size(); i=i+4) {
                 ~^~~~~~~~~~~~~~~~~~~~~~~~~~~
../src/ecclib.cpp:45:13: warning: statement has no effect [-Wunused-value]
     newword << 8;
     ~~~~~~~~^~~~
In file included from H:/dev/CSASA/vivaldo_starter/bram_designed_memory_speedtested_working/bram_designed_memory_speedtested_working.sdk/standalone_bsp_0/ps7_cortexa9_0/include/xuartps.h:187:0,
                 from ../src/ecclib.h:15,
                 from ../src/ecclib.cpp:1:
H:/dev/CSASA/vivaldo_starter/bram_designed_memory_speedtested_working/bram_designed_memory_speedtested_working.sdk/standalone_bsp_0/ps7_cortexa9_0/include/xstatus.h:65:41: error: return-statement with a value, in function returning 'void' [-fpermissive]
 #define XST_FAILURE                     1L
                                         ^
../src/ecclib.cpp:88:11: note: in expansion of macro 'XST_FAILURE'
    return XST_FAILURE;
           ^~~~~~~~~~~
H:/dev/CSASA/vivaldo_starter/bram_designed_memory_speedtested_working/bram_designed_memory_speedtested_working.sdk/standalone_bsp_0/ps7_cortexa9_0/include/xstatus.h:65:41: error: return-statement with a value, in function returning 'void' [-fpermissive]
 #define XST_FAILURE                     1L
                                         ^
../src/ecclib.cpp:93:11: note: in expansion of macro 'XST_FAILURE'
    return XST_FAILURE;
           ^~~~~~~~~~~
H:/dev/CSASA/vivaldo_starter/bram_designed_memory_speedtested_working/bram_designed_memory_speedtested_working.sdk/standalone_bsp_0/ps7_cortexa9_0/include/xstatus.h:65:41: error: return-statement with a value, in function returning 'void' [-fpermissive]
 #define XST_FAILURE                     1L
                                         ^
../src/ecclib.cpp:102:11: note: in expansion of macro 'XST_FAILURE'
    return XST_FAILURE;
           ^~~~~~~~~~~
H:/dev/CSASA/vivaldo_starter/bram_designed_memory_speedtested_working/bram_designed_memory_speedtested_working.sdk/standalone_bsp_0/ps7_cortexa9_0/include/xstatus.h:65:41: error: return-statement with a value, in function returning 'void' [-fpermissive]
 #define XST_FAILURE                     1L
                                         ^
../src/ecclib.cpp:110:11: note: in expansion of macro 'XST_FAILURE'
    return XST_FAILURE;
           ^~~~~~~~~~~
H:/dev/CSASA/vivaldo_starter/bram_designed_memory_speedtested_working/bram_designed_memory_speedtested_working.sdk/standalone_bsp_0/ps7_cortexa9_0/include/xstatus.h:65:41: error: return-statement with a value, in function returning 'void' [-fpermissive]
 #define XST_FAILURE                     1L
                                         ^
../src/ecclib.cpp:117:11: note: in expansion of macro 'XST_FAILURE'
    return XST_FAILURE;
           ^~~~~~~~~~~
H:/dev/CSASA/vivaldo_starter/bram_designed_memory_speedtested_working/bram_designed_memory_speedtested_working.sdk/standalone_bsp_0/ps7_cortexa9_0/include/xstatus.h:65:41: error: return-statement with a value, in function returning 'void' [-fpermissive]
 #define XST_FAILURE                     1L
                                         ^
../src/ecclib.cpp:138:11: note: in expansion of macro 'XST_FAILURE'
    return XST_FAILURE;
           ^~~~~~~~~~~
H:/dev/CSASA/vivaldo_starter/bram_designed_memory_speedtested_working/bram_designed_memory_speedtested_working.sdk/standalone_bsp_0/ps7_cortexa9_0/include/xstatus.h:65:41: error: return-statement with a value, in function returning 'void' [-fpermissive]
 #define XST_FAILURE                     1L
                                         ^
../src/ecclib.cpp:145:11: note: in expansion of macro 'XST_FAILURE'
    return XST_FAILURE;
           ^~~~~~~~~~~
H:/dev/CSASA/vivaldo_starter/bram_designed_memory_speedtested_working/bram_designed_memory_speedtested_working.sdk/standalone_bsp_0/ps7_cortexa9_0/include/xstatus.h:65:41: error: return-statement with a value, in function returning 'void' [-fpermissive]
 #define XST_FAILURE                     1L
                                         ^
../src/ecclib.cpp:152:11: note: in expansion of macro 'XST_FAILURE'
    return XST_FAILURE;
           ^~~~~~~~~~~
../src/ecclib.cpp:163:9: error: 'generatormatrix' was not declared in this scope
   num = generatormatrix.size() / 4;
         ^~~~~~~~~~~~~~~
../src/ecclib.cpp:50:6: warning: unused variable 'select' [-Wunused-variable]
   u8 select;
      ^~~~~~
../src/ecclib.cpp:52:6: warning: unused variable 'num_in' [-Wunused-variable]
   u8 num_in;
      ^~~~~~
../src/ecclib.cpp:53:7: warning: unused variable 'dma_improvement' [-Wunused-variable]
   int dma_improvement;
       ^~~~~~~~~~~~~~~
../src/ecclib.cpp:56:7: warning: unused variable 'software_cycles' [-Wunused-variable]
   int software_cycles, interrupt_cycles;
       ^~~~~~~~~~~~~~~
../src/ecclib.cpp:56:24: warning: unused variable 'interrupt_cycles' [-Wunused-variable]
   int software_cycles, interrupt_cycles;
                        ^~~~~~~~~~~~~~~~
../src/ecclib.cpp:79:16: warning: unused variable 'Channel' [-Wunused-variable]
   unsigned int Channel = 0;
                ^~~~~~~
../src/ecclib.cpp: In member function 'unsigned char* EccLib::BCH::Encode(unsigned char*)':
../src/ecclib.cpp:258:26: error: invalid type argument of unary '*' (have 'unsigned int')
    *(BRAM_TOENCODE_ADDR+i) = 0xffff_ffff;
                          ^
../src/ecclib.cpp:258:30: error: unable to find numeric literal operator 'operator""_ffff'
    *(BRAM_TOENCODE_ADDR+i) = 0xffff_ffff;
                              ^~~~~~~~~~~
In file included from ../src/ecclib.cpp:1:0:
../src/ecclib.h:41:29: error: unable to find numeric literal operator 'operator""_ffff'
 #define ANDXOR_AXI_BASEADDR 0xffff_ffff
                             ^
../src/ecclib.cpp:261:12: note: in expansion of macro 'ANDXOR_AXI_BASEADDR'
   while (*(ANDXOR_AXI_BASEADDR + 3)&1 != 1) {}
            ^~~~~~~~~~~~~~~~~~~
../src/ecclib.h:41:29: error: unable to find numeric literal operator 'operator""_ffff'
 #define ANDXOR_AXI_BASEADDR 0xffff_ffff
                             ^
../src/ecclib.cpp:268:5: note: in expansion of macro 'ANDXOR_AXI_BASEADDR'
   *(ANDXOR_AXI_BASEADDR+1) = ivcwlen;
     ^~~~~~~~~~~~~~~~~~~
../src/ecclib.h:41:29: error: unable to find numeric literal operator 'operator""_ffff'
 #define ANDXOR_AXI_BASEADDR 0xffff_ffff
                             ^
../src/ecclib.cpp:271:5: note: in expansion of macro 'ANDXOR_AXI_BASEADDR'
   *(ANDXOR_AXI_BASEADDR+3) = 1;
     ^~~~~~~~~~~~~~~~~~~
../src/ecclib.h:41:29: error: unable to find numeric literal operator 'operator""_ffff'
 #define ANDXOR_AXI_BASEADDR 0xffff_ffff
                             ^
../src/ecclib.cpp:273:12: note: in expansion of macro 'ANDXOR_AXI_BASEADDR'
   while (*(ANDXOR_AXI_BASEADDR + 3)&1 != 1) {}
            ^~~~~~~~~~~~~~~~~~~
../src/ecclib.cpp:276:43: error: invalid type argument of unary '*' (have 'unsigned int')
    encodedwords[i] = *(BRAM_ENCODED_ADDR+i);
                                           ^
../src/ecclib.cpp:278:10: error: invalid conversion from 'char*' to 'unsigned char*' [-fpermissive]
   return (char*)encodedwords;
          ^~~~~~~~~~~~~~~~~~~
make: *** [src/ecclib.o] Error 1
19:37:23 **** Auto Build of configuration Debug for project bch_accel ****
make pre-build main-build 
a9-linaro-pre-build-step
' '
'Building file: ../src/BinaryMatrix.cpp'
'Invoking: ARM v7 g++ compiler'
arm-none-eabi-g++ -Wall -O0 -g3 -c -fmessage-length=0 -MT"src/BinaryMatrix.o" -mcpu=cortex-a9 -mfpu=vfpv3 -mfloat-abi=hard -IH:/dev/CSASA/vivaldo_starter/bram_designed_memory_speedtested_working/bram_designed_memory_speedtested_working.sdk/standalone_bsp_0/ps7_cortexa9_0/include -MMD -MP -MF"src/BinaryMatrix.d" -MT"src/BinaryMatrix.o" -o "src/BinaryMatrix.o" "../src/BinaryMatrix.cpp"
'Finished building: ../src/BinaryMatrix.cpp'
' '
'Building file: ../src/GFMatrix.cpp'
'Invoking: ARM v7 g++ compiler'
arm-none-eabi-g++ -Wall -O0 -g3 -c -fmessage-length=0 -MT"src/GFMatrix.o" -mcpu=cortex-a9 -mfpu=vfpv3 -mfloat-abi=hard -IH:/dev/CSASA/vivaldo_starter/bram_designed_memory_speedtested_working/bram_designed_memory_speedtested_working.sdk/standalone_bsp_0/ps7_cortexa9_0/include -MMD -MP -MF"src/GFMatrix.d" -MT"src/GFMatrix.o" -o "src/GFMatrix.o" "../src/GFMatrix.cpp"
'Finished building: ../src/GFMatrix.cpp'
' '
'Building file: ../src/GaloisField.cpp'
'Invoking: ARM v7 g++ compiler'
arm-none-eabi-g++ -Wall -O0 -g3 -c -fmessage-length=0 -MT"src/GaloisField.o" -mcpu=cortex-a9 -mfpu=vfpv3 -mfloat-abi=hard -IH:/dev/CSASA/vivaldo_starter/bram_designed_memory_speedtested_working/bram_designed_memory_speedtested_working.sdk/standalone_bsp_0/ps7_cortexa9_0/include -MMD -MP -MF"src/GaloisField.d" -MT"src/GaloisField.o" -o "src/GaloisField.o" "../src/GaloisField.cpp"
'Finished building: ../src/GaloisField.cpp'
' '
'Building file: ../src/ecclib.cpp'
'Invoking: ARM v7 g++ compiler'
arm-none-eabi-g++ -Wall -O0 -g3 -c -fmessage-length=0 -MT"src/ecclib.o" -mcpu=cortex-a9 -mfpu=vfpv3 -mfloat-abi=hard -IH:/dev/CSASA/vivaldo_starter/bram_designed_memory_speedtested_working/bram_designed_memory_speedtested_working.sdk/standalone_bsp_0/ps7_cortexa9_0/include -MMD -MP -MF"src/ecclib.d" -MT"src/ecclib.o" -o "src/ecclib.o" "../src/ecclib.cpp"
../src/ecclib.cpp: In member function 'void EccLib::BCH::LoadBRAM_w_GenMat(std::vector<unsigned char>&)':
../src/ecclib.cpp:42:18: warning: comparison between signed and unsigned integer expressions [-Wsign-compare]
   for (int i=0; i<generatormatrixfile.size(); i=i+4) {
                 ~^~~~~~~~~~~~~~~~~~~~~~~~~~~
../src/ecclib.cpp:45:13: warning: statement has no effect [-Wunused-value]
     newword << 8;
     ~~~~~~~~^~~~
In file included from H:/dev/CSASA/vivaldo_starter/bram_designed_memory_speedtested_working/bram_designed_memory_speedtested_working.sdk/standalone_bsp_0/ps7_cortexa9_0/include/xuartps.h:187:0,
                 from ../src/ecclib.h:15,
                 from ../src/ecclib.cpp:1:
H:/dev/CSASA/vivaldo_starter/bram_designed_memory_speedtested_working/bram_designed_memory_speedtested_working.sdk/standalone_bsp_0/ps7_cortexa9_0/include/xstatus.h:65:41: error: return-statement with a value, in function returning 'void' [-fpermissive]
 #define XST_FAILURE                     1L
                                         ^
../src/ecclib.cpp:88:11: note: in expansion of macro 'XST_FAILURE'
    return XST_FAILURE;
           ^~~~~~~~~~~
H:/dev/CSASA/vivaldo_starter/bram_designed_memory_speedtested_working/bram_designed_memory_speedtested_working.sdk/standalone_bsp_0/ps7_cortexa9_0/include/xstatus.h:65:41: error: return-statement with a value, in function returning 'void' [-fpermissive]
 #define XST_FAILURE                     1L
                                         ^
../src/ecclib.cpp:93:11: note: in expansion of macro 'XST_FAILURE'
    return XST_FAILURE;
           ^~~~~~~~~~~
H:/dev/CSASA/vivaldo_starter/bram_designed_memory_speedtested_working/bram_designed_memory_speedtested_working.sdk/standalone_bsp_0/ps7_cortexa9_0/include/xstatus.h:65:41: error: return-statement with a value, in function returning 'void' [-fpermissive]
 #define XST_FAILURE                     1L
                                         ^
../src/ecclib.cpp:102:11: note: in expansion of macro 'XST_FAILURE'
    return XST_FAILURE;
           ^~~~~~~~~~~
H:/dev/CSASA/vivaldo_starter/bram_designed_memory_speedtested_working/bram_designed_memory_speedtested_working.sdk/standalone_bsp_0/ps7_cortexa9_0/include/xstatus.h:65:41: error: return-statement with a value, in function returning 'void' [-fpermissive]
 #define XST_FAILURE                     1L
                                         ^
../src/ecclib.cpp:110:11: note: in expansion of macro 'XST_FAILURE'
    return XST_FAILURE;
           ^~~~~~~~~~~
H:/dev/CSASA/vivaldo_starter/bram_designed_memory_speedtested_working/bram_designed_memory_speedtested_working.sdk/standalone_bsp_0/ps7_cortexa9_0/include/xstatus.h:65:41: error: return-statement with a value, in function returning 'void' [-fpermissive]
 #define XST_FAILURE                     1L
                                         ^
../src/ecclib.cpp:117:11: note: in expansion of macro 'XST_FAILURE'
    return XST_FAILURE;
           ^~~~~~~~~~~
H:/dev/CSASA/vivaldo_starter/bram_designed_memory_speedtested_working/bram_designed_memory_speedtested_working.sdk/standalone_bsp_0/ps7_cortexa9_0/include/xstatus.h:65:41: error: return-statement with a value, in function returning 'void' [-fpermissive]
 #define XST_FAILURE                     1L
                                         ^
../src/ecclib.cpp:138:11: note: in expansion of macro 'XST_FAILURE'
    return XST_FAILURE;
           ^~~~~~~~~~~
H:/dev/CSASA/vivaldo_starter/bram_designed_memory_speedtested_working/bram_designed_memory_speedtested_working.sdk/standalone_bsp_0/ps7_cortexa9_0/include/xstatus.h:65:41: error: return-statement with a value, in function returning 'void' [-fpermissive]
 #define XST_FAILURE                     1L
                                         ^
../src/ecclib.cpp:145:11: note: in expansion of macro 'XST_FAILURE'
    return XST_FAILURE;
           ^~~~~~~~~~~
H:/dev/CSASA/vivaldo_starter/bram_designed_memory_speedtested_working/bram_designed_memory_speedtested_working.sdk/standalone_bsp_0/ps7_cortexa9_0/include/xstatus.h:65:41: error: return-statement with a value, in function returning 'void' [-fpermissive]
 #define XST_FAILURE                     1L
                                         ^
../src/ecclib.cpp:152:11: note: in expansion of macro 'XST_FAILURE'
    return XST_FAILURE;
           ^~~~~~~~~~~
../src/ecclib.cpp:163:9: error: 'generatormatrix' was not declared in this scope
   num = generatormatrix.size() / 4;
         ^~~~~~~~~~~~~~~
../src/ecclib.cpp:50:6: warning: unused variable 'select' [-Wunused-variable]
   u8 select;
      ^~~~~~
../src/ecclib.cpp:52:6: warning: unused variable 'num_in' [-Wunused-variable]
   u8 num_in;
      ^~~~~~
../src/ecclib.cpp:53:7: warning: unused variable 'dma_improvement' [-Wunused-variable]
   int dma_improvement;
       ^~~~~~~~~~~~~~~
../src/ecclib.cpp:56:7: warning: unused variable 'software_cycles' [-Wunused-variable]
   int software_cycles, interrupt_cycles;
       ^~~~~~~~~~~~~~~
../src/ecclib.cpp:56:24: warning: unused variable 'interrupt_cycles' [-Wunused-variable]
   int software_cycles, interrupt_cycles;
                        ^~~~~~~~~~~~~~~~
../src/ecclib.cpp:79:16: warning: unused variable 'Channel' [-Wunused-variable]
   unsigned int Channel = 0;
                ^~~~~~~
../src/ecclib.cpp: In member function 'unsigned char* EccLib::BCH::Encode(unsigned char*)':
../src/ecclib.cpp:258:26: error: invalid type argument of unary '*' (have 'unsigned int')
    *(BRAM_TOENCODE_ADDR+i) = 0xffff_ffff;
                          ^
../src/ecclib.cpp:258:30: error: unable to find numeric literal operator 'operator""_ffff'
    *(BRAM_TOENCODE_ADDR+i) = 0xffff_ffff;
                              ^~~~~~~~~~~
../src/ecclib.cpp:261:35: error: invalid type argument of unary '*' (have 'unsigned int')
   while (*(ANDXOR_AXI_BASEADDR + 3)&1 != 1) {}
                                   ^
../src/ecclib.cpp:268:26: error: invalid type argument of unary '*' (have 'unsigned int')
   *(ANDXOR_AXI_BASEADDR+1) = ivcwlen;
                          ^
../src/ecclib.cpp:271:26: error: invalid type argument of unary '*' (have 'unsigned int')
   *(ANDXOR_AXI_BASEADDR+3) = 1;
                          ^
../src/ecclib.cpp:273:35: error: invalid type argument of unary '*' (have 'unsigned int')
   while (*(ANDXOR_AXI_BASEADDR + 3)&1 != 1) {}
                                   ^
../src/ecclib.cpp:276:43: error: invalid type argument of unary '*' (have 'unsigned int')
    encodedwords[i] = *(BRAM_ENCODED_ADDR+i);
                                           ^
../src/ecclib.cpp:278:10: error: invalid conversion from 'char*' to 'unsigned char*' [-fpermissive]
   return (char*)encodedwords;
          ^~~~~~~~~~~~~~~~~~~
make: *** [src/ecclib.o] Error 1
19:37:39 **** Auto Build of configuration Debug for project bch_accel ****
make pre-build main-build 
a9-linaro-pre-build-step
' '
'Building file: ../src/ecclib.cpp'
'Invoking: ARM v7 g++ compiler'
arm-none-eabi-g++ -Wall -O0 -g3 -c -fmessage-length=0 -MT"src/ecclib.o" -mcpu=cortex-a9 -mfpu=vfpv3 -mfloat-abi=hard -IH:/dev/CSASA/vivaldo_starter/bram_designed_memory_speedtested_working/bram_designed_memory_speedtested_working.sdk/standalone_bsp_0/ps7_cortexa9_0/include -MMD -MP -MF"src/ecclib.d" -MT"src/ecclib.o" -o "src/ecclib.o" "../src/ecclib.cpp"
../src/ecclib.cpp: In member function 'void EccLib::BCH::LoadBRAM_w_GenMat(std::vector<unsigned char>&)':
../src/ecclib.cpp:42:18: warning: comparison between signed and unsigned integer expressions [-Wsign-compare]
   for (int i=0; i<generatormatrixfile.size(); i=i+4) {
                 ~^~~~~~~~~~~~~~~~~~~~~~~~~~~
../src/ecclib.cpp:45:13: warning: statement has no effect [-Wunused-value]
     newword << 8;
     ~~~~~~~~^~~~
In file included from H:/dev/CSASA/vivaldo_starter/bram_designed_memory_speedtested_working/bram_designed_memory_speedtested_working.sdk/standalone_bsp_0/ps7_cortexa9_0/include/xuartps.h:187:0,
                 from ../src/ecclib.h:15,
                 from ../src/ecclib.cpp:1:
H:/dev/CSASA/vivaldo_starter/bram_designed_memory_speedtested_working/bram_designed_memory_speedtested_working.sdk/standalone_bsp_0/ps7_cortexa9_0/include/xstatus.h:65:41: error: return-statement with a value, in function returning 'void' [-fpermissive]
 #define XST_FAILURE                     1L
                                         ^
../src/ecclib.cpp:88:11: note: in expansion of macro 'XST_FAILURE'
    return XST_FAILURE;
           ^~~~~~~~~~~
H:/dev/CSASA/vivaldo_starter/bram_designed_memory_speedtested_working/bram_designed_memory_speedtested_working.sdk/standalone_bsp_0/ps7_cortexa9_0/include/xstatus.h:65:41: error: return-statement with a value, in function returning 'void' [-fpermissive]
 #define XST_FAILURE                     1L
                                         ^
../src/ecclib.cpp:93:11: note: in expansion of macro 'XST_FAILURE'
    return XST_FAILURE;
           ^~~~~~~~~~~
H:/dev/CSASA/vivaldo_starter/bram_designed_memory_speedtested_working/bram_designed_memory_speedtested_working.sdk/standalone_bsp_0/ps7_cortexa9_0/include/xstatus.h:65:41: error: return-statement with a value, in function returning 'void' [-fpermissive]
 #define XST_FAILURE                     1L
                                         ^
../src/ecclib.cpp:102:11: note: in expansion of macro 'XST_FAILURE'
    return XST_FAILURE;
           ^~~~~~~~~~~
H:/dev/CSASA/vivaldo_starter/bram_designed_memory_speedtested_working/bram_designed_memory_speedtested_working.sdk/standalone_bsp_0/ps7_cortexa9_0/include/xstatus.h:65:41: error: return-statement with a value, in function returning 'void' [-fpermissive]
 #define XST_FAILURE                     1L
                                         ^
../src/ecclib.cpp:110:11: note: in expansion of macro 'XST_FAILURE'
    return XST_FAILURE;
           ^~~~~~~~~~~
H:/dev/CSASA/vivaldo_starter/bram_designed_memory_speedtested_working/bram_designed_memory_speedtested_working.sdk/standalone_bsp_0/ps7_cortexa9_0/include/xstatus.h:65:41: error: return-statement with a value, in function returning 'void' [-fpermissive]
 #define XST_FAILURE                     1L
                                         ^
../src/ecclib.cpp:117:11: note: in expansion of macro 'XST_FAILURE'
    return XST_FAILURE;
           ^~~~~~~~~~~
H:/dev/CSASA/vivaldo_starter/bram_designed_memory_speedtested_working/bram_designed_memory_speedtested_working.sdk/standalone_bsp_0/ps7_cortexa9_0/include/xstatus.h:65:41: error: return-statement with a value, in function returning 'void' [-fpermissive]
 #define XST_FAILURE                     1L
                                         ^
../src/ecclib.cpp:138:11: note: in expansion of macro 'XST_FAILURE'
    return XST_FAILURE;
           ^~~~~~~~~~~
H:/dev/CSASA/vivaldo_starter/bram_designed_memory_speedtested_working/bram_designed_memory_speedtested_working.sdk/standalone_bsp_0/ps7_cortexa9_0/include/xstatus.h:65:41: error: return-statement with a value, in function returning 'void' [-fpermissive]
 #define XST_FAILURE                     1L
                                         ^
../src/ecclib.cpp:145:11: note: in expansion of macro 'XST_FAILURE'
    return XST_FAILURE;
           ^~~~~~~~~~~
H:/dev/CSASA/vivaldo_starter/bram_designed_memory_speedtested_working/bram_designed_memory_speedtested_working.sdk/standalone_bsp_0/ps7_cortexa9_0/include/xstatus.h:65:41: error: return-statement with a value, in function returning 'void' [-fpermissive]
 #define XST_FAILURE                     1L
                                         ^
../src/ecclib.cpp:152:11: note: in expansion of macro 'XST_FAILURE'
    return XST_FAILURE;
           ^~~~~~~~~~~
../src/ecclib.cpp:50:6: warning: unused variable 'select' [-Wunused-variable]
   u8 select;
      ^~~~~~
../src/ecclib.cpp:52:6: warning: unused variable 'num_in' [-Wunused-variable]
   u8 num_in;
      ^~~~~~
../src/ecclib.cpp:53:7: warning: unused variable 'dma_improvement' [-Wunused-variable]
   int dma_improvement;
       ^~~~~~~~~~~~~~~
../src/ecclib.cpp:56:7: warning: unused variable 'software_cycles' [-Wunused-variable]
   int software_cycles, interrupt_cycles;
       ^~~~~~~~~~~~~~~
../src/ecclib.cpp:56:24: warning: unused variable 'interrupt_cycles' [-Wunused-variable]
   int software_cycles, interrupt_cycles;
                        ^~~~~~~~~~~~~~~~
../src/ecclib.cpp:79:16: warning: unused variable 'Channel' [-Wunused-variable]
   unsigned int Channel = 0;
                ^~~~~~~
../src/ecclib.cpp: In member function 'unsigned char* EccLib::BCH::Encode(unsigned char*)':
../src/ecclib.cpp:258:26: error: invalid type argument of unary '*' (have 'unsigned int')
    *(BRAM_TOENCODE_ADDR+i) = 0xffff_ffff;
                          ^
../src/ecclib.cpp:258:30: error: unable to find numeric literal operator 'operator""_ffff'
    *(BRAM_TOENCODE_ADDR+i) = 0xffff_ffff;
                              ^~~~~~~~~~~
../src/ecclib.cpp:261:35: error: invalid type argument of unary '*' (have 'unsigned int')
   while (*(ANDXOR_AXI_BASEADDR + 3)&1 != 1) {}
                                   ^
../src/ecclib.cpp:268:26: error: invalid type argument of unary '*' (have 'unsigned int')
   *(ANDXOR_AXI_BASEADDR+1) = ivcwlen;
                          ^
../src/ecclib.cpp:271:26: error: invalid type argument of unary '*' (have 'unsigned int')
   *(ANDXOR_AXI_BASEADDR+3) = 1;
                          ^
../src/ecclib.cpp:273:35: error: invalid type argument of unary '*' (have 'unsigned int')
   while (*(ANDXOR_AXI_BASEADDR + 3)&1 != 1) {}
                                   ^
../src/ecclib.cpp:276:43: error: invalid type argument of unary '*' (have 'unsigned int')
    encodedwords[i] = *(BRAM_ENCODED_ADDR+i);
                                           ^
../src/ecclib.cpp:278:10: error: invalid conversion from 'char*' to 'unsigned char*' [-fpermissive]
   return (char*)encodedwords;
          ^~~~~~~~~~~~~~~~~~~
make: *** [src/ecclib.o] Error 1
19:41:53 **** Auto Build of configuration Debug for project bch_accel ****
make pre-build main-build 
a9-linaro-pre-build-step
' '
'Building file: ../src/ecclib.cpp'
'Invoking: ARM v7 g++ compiler'
arm-none-eabi-g++ -Wall -O0 -g3 -c -fmessage-length=0 -MT"src/ecclib.o" -mcpu=cortex-a9 -mfpu=vfpv3 -mfloat-abi=hard -IH:/dev/CSASA/vivaldo_starter/bram_designed_memory_speedtested_working/bram_designed_memory_speedtested_working.sdk/standalone_bsp_0/ps7_cortexa9_0/include -MMD -MP -MF"src/ecclib.d" -MT"src/ecclib.o" -o "src/ecclib.o" "../src/ecclib.cpp"
../src/ecclib.cpp: In member function 'void EccLib::BCH::LoadBRAM_w_GenMat(std::vector<unsigned char>&)':
../src/ecclib.cpp:42:18: warning: comparison between signed and unsigned integer expressions [-Wsign-compare]
   for (int i=0; i<generatormatrixfile.size(); i=i+4) {
                 ~^~~~~~~~~~~~~~~~~~~~~~~~~~~
../src/ecclib.cpp:45:13: warning: statement has no effect [-Wunused-value]
     newword << 8;
     ~~~~~~~~^~~~
In file included from H:/dev/CSASA/vivaldo_starter/bram_designed_memory_speedtested_working/bram_designed_memory_speedtested_working.sdk/standalone_bsp_0/ps7_cortexa9_0/include/xuartps.h:187:0,
                 from ../src/ecclib.h:15,
                 from ../src/ecclib.cpp:1:
H:/dev/CSASA/vivaldo_starter/bram_designed_memory_speedtested_working/bram_designed_memory_speedtested_working.sdk/standalone_bsp_0/ps7_cortexa9_0/include/xstatus.h:65:41: error: return-statement with a value, in function returning 'void' [-fpermissive]
 #define XST_FAILURE                     1L
                                         ^
../src/ecclib.cpp:88:11: note: in expansion of macro 'XST_FAILURE'
    return XST_FAILURE;
           ^~~~~~~~~~~
H:/dev/CSASA/vivaldo_starter/bram_designed_memory_speedtested_working/bram_designed_memory_speedtested_working.sdk/standalone_bsp_0/ps7_cortexa9_0/include/xstatus.h:65:41: error: return-statement with a value, in function returning 'void' [-fpermissive]
 #define XST_FAILURE                     1L
                                         ^
../src/ecclib.cpp:93:11: note: in expansion of macro 'XST_FAILURE'
    return XST_FAILURE;
           ^~~~~~~~~~~
H:/dev/CSASA/vivaldo_starter/bram_designed_memory_speedtested_working/bram_designed_memory_speedtested_working.sdk/standalone_bsp_0/ps7_cortexa9_0/include/xstatus.h:65:41: error: return-statement with a value, in function returning 'void' [-fpermissive]
 #define XST_FAILURE                     1L
                                         ^
../src/ecclib.cpp:102:11: note: in expansion of macro 'XST_FAILURE'
    return XST_FAILURE;
           ^~~~~~~~~~~
[...]
   destination = ANDXOR_AXI_BASEADDR + 1;
                                      
../src/ecclib.cpp:86:37: error: invalid conversion from 'unsigned int' to 'int*' [-fpermissive]
   destination = ANDXOR_AXI_BASEADDR + 2;
                                      
../src/ecclib.cpp:94:35: warning: suggest parentheses around comparison in operand of '&' [-Wparentheses]
   while ((*axireadyvalidaddr) & 1 != 1) {}
                                 ~~^~~~
In file included from ../src/ecclib.cpp:1:0:
../src/ecclib.h:20:45: error: invalid conversion from 'unsigned int' to 'int*' [-fpermissive]
 #define BRAM_ENCODED_ADDR BRAM_TOENCODE_ADDR+8
                                              
../src/ecclib.cpp:96:12: note: in expansion of macro 'BRAM_ENCODED_ADDR'
   source = BRAM_ENCODED_ADDR;
            ^~~~~~~~~~~~~~~~~
make: *** [src/ecclib.o] Error 1
15:18:52 **** Auto Build of configuration Debug for project bch_accel ****
make pre-build main-build 
a9-linaro-pre-build-step
' '
'Building file: ../src/ecclib.cpp'
'Invoking: ARM v7 g++ compiler'
arm-none-eabi-g++ -Wall -O0 -g3 -c -fmessage-length=0 -MT"src/ecclib.o" -mcpu=cortex-a9 -mfpu=vfpv3 -mfloat-abi=hard -IH:/dev/CSASA/vivaldo_starter/bram_designed_memory_speedtested_working/bram_designed_memory_speedtested_working.sdk/standalone_bsp_0/ps7_cortexa9_0/include -MMD -MP -MF"src/ecclib.d" -MT"src/ecclib.o" -o "src/ecclib.o" "../src/ecclib.cpp"
In file included from ../src/ecclib.h:8:0,
                 from ../src/ecclib.cpp:1:
../src/ecclib.cpp: In member function 'void EccLib::BCH::LoadBRAM_w_GenMat(std::vector<unsigned char>&)':
H:/dev/CSASA/vivaldo_starter/bram_designed_memory_speedtested_working/bram_designed_memory_speedtested_working.sdk/standalone_bsp_0/ps7_cortexa9_0/include/xparameters.h:41:45: error: invalid conversion from 'unsigned int' to 'int*' [-fpermissive]
 #define XPAR_AXI_BRAM_CTRL_0_S_AXI_BASEADDR 0x40000000U
                                             ^
../src/ecclib.h:11:21: note: in expansion of macro 'XPAR_AXI_BRAM_CTRL_0_S_AXI_BASEADDR'
 #define BRAM_MEMORY XPAR_AXI_BRAM_CTRL_0_S_AXI_BASEADDR
                     ^~~~~~~~~~~~~~~~~~~~~~~~~~~~~~~~~~~
../src/ecclib.cpp:55:17: note: in expansion of macro 'BRAM_MEMORY'
   destination = BRAM_MEMORY;
                 ^~~~~~~~~~~
In file included from ../src/ecclib.cpp:1:0:
../src/ecclib.cpp: In member function 'unsigned char* EccLib::BCH::Encode(unsigned char*)':
../src/ecclib.h:19:39: error: invalid conversion from 'unsigned int' to 'int*' [-fpermissive]
 #define BRAM_TOENCODE_ADDR BRAM_MEMORY+0x1F8 //504
                                        
../src/ecclib.cpp:69:17: note: in expansion of macro 'BRAM_TOENCODE_ADDR'
   destination = BRAM_TOENCODE_ADDR;
                 ^~~~~~~~~~~~~~~~~~
../src/ecclib.cpp:75:49: error: invalid conversion from 'unsigned int' to 'int*' [-fpermissive]
   int * axireadyvalidaddr = ANDXOR_AXI_BASEADDR + 3;
                                                  
../src/ecclib.cpp:83:37: error: invalid conversion from 'unsigned int' to 'int*' [-fpermissive]
   destination = ANDXOR_AXI_BASEADDR + 1;
                                      
../src/ecclib.cpp:86:37: error: invalid conversion from 'unsigned int' to 'int*' [-fpermissive]
   destination = ANDXOR_AXI_BASEADDR + 2;
                                      
In file included from ../src/ecclib.cpp:1:0:
../src/ecclib.h:20:45: error: invalid conversion from 'unsigned int' to 'int*' [-fpermissive]
 #define BRAM_ENCODED_ADDR BRAM_TOENCODE_ADDR+8
                                              
../src/ecclib.cpp:96:12: note: in expansion of macro 'BRAM_ENCODED_ADDR'
   source = BRAM_ENCODED_ADDR;
            ^~~~~~~~~~~~~~~~~
make: *** [src/ecclib.o] Error 1
15:19:17 **** Auto Build of configuration Debug for project bch_accel ****
make pre-build main-build 
a9-linaro-pre-build-step
' '
'Building file: ../src/ecclib.cpp'
'Invoking: ARM v7 g++ compiler'
arm-none-eabi-g++ -Wall -O0 -g3 -c -fmessage-length=0 -MT"src/ecclib.o" -mcpu=cortex-a9 -mfpu=vfpv3 -mfloat-abi=hard -IH:/dev/CSASA/vivaldo_starter/bram_designed_memory_speedtested_working/bram_designed_memory_speedtested_working.sdk/standalone_bsp_0/ps7_cortexa9_0/include -MMD -MP -MF"src/ecclib.d" -MT"src/ecclib.o" -o "src/ecclib.o" "../src/ecclib.cpp"
In file included from ../src/ecclib.h:8:0,
                 from ../src/ecclib.cpp:1:
../src/ecclib.cpp: In member function 'void EccLib::BCH::LoadBRAM_w_GenMat(std::vector<unsigned char>&)':
H:/dev/CSASA/vivaldo_starter/bram_designed_memory_speedtested_working/bram_designed_memory_speedtested_working.sdk/standalone_bsp_0/ps7_cortexa9_0/include/xparameters.h:41:45: error: invalid conversion from 'unsigned int' to 'int*' [-fpermissive]
 #define XPAR_AXI_BRAM_CTRL_0_S_AXI_BASEADDR 0x40000000U
                                             ^
../src/ecclib.h:11:21: note: in expansion of macro 'XPAR_AXI_BRAM_CTRL_0_S_AXI_BASEADDR'
 #define BRAM_MEMORY XPAR_AXI_BRAM_CTRL_0_S_AXI_BASEADDR
                     ^~~~~~~~~~~~~~~~~~~~~~~~~~~~~~~~~~~
../src/ecclib.cpp:55:17: note: in expansion of macro 'BRAM_MEMORY'
   destination = BRAM_MEMORY;
                 ^~~~~~~~~~~
In file included from ../src/ecclib.cpp:1:0:
../src/ecclib.cpp: In member function 'unsigned char* EccLib::BCH::Encode(unsigned char*)':
../src/ecclib.h:19:39: error: invalid conversion from 'unsigned int' to 'int*' [-fpermissive]
 #define BRAM_TOENCODE_ADDR BRAM_MEMORY+0x1F8 //504
                                        
../src/ecclib.cpp:69:17: note: in expansion of macro 'BRAM_TOENCODE_ADDR'
   destination = BRAM_TOENCODE_ADDR;
                 ^~~~~~~~~~~~~~~~~~
../src/ecclib.cpp:75:54: error: invalid conversion from 'int' to 'int*' [-fpermissive]
   int * axireadyvalidaddr = (int)ANDXOR_AXI_BASEADDR + 3;
                             ~~~~~~~~~~~~~~~~~~~~~~~~~^~~
../src/ecclib.cpp:83:37: error: invalid conversion from 'unsigned int' to 'int*' [-fpermissive]
   destination = ANDXOR_AXI_BASEADDR + 1;
                                      
../src/ecclib.cpp:86:37: error: invalid conversion from 'unsigned int' to 'int*' [-fpermissive]
   destination = ANDXOR_AXI_BASEADDR + 2;
                                      
In file included from ../src/ecclib.cpp:1:0:
../src/ecclib.h:20:45: error: invalid conversion from 'unsigned int' to 'int*' [-fpermissive]
 #define BRAM_ENCODED_ADDR BRAM_TOENCODE_ADDR+8
                                              
../src/ecclib.cpp:96:12: note: in expansion of macro 'BRAM_ENCODED_ADDR'
   source = BRAM_ENCODED_ADDR;
            ^~~~~~~~~~~~~~~~~
make: *** [src/ecclib.o] Error 1
15:19:26 **** Auto Build of configuration Debug for project bch_accel ****
make pre-build main-build 
a9-linaro-pre-build-step
' '
'Building file: ../src/ecclib.cpp'
'Invoking: ARM v7 g++ compiler'
arm-none-eabi-g++ -Wall -O0 -g3 -c -fmessage-length=0 -MT"src/ecclib.o" -mcpu=cortex-a9 -mfpu=vfpv3 -mfloat-abi=hard -IH:/dev/CSASA/vivaldo_starter/bram_designed_memory_speedtested_working/bram_designed_memory_speedtested_working.sdk/standalone_bsp_0/ps7_cortexa9_0/include -MMD -MP -MF"src/ecclib.d" -MT"src/ecclib.o" -o "src/ecclib.o" "../src/ecclib.cpp"
In file included from ../src/ecclib.h:8:0,
                 from ../src/ecclib.cpp:1:
../src/ecclib.cpp: In member function 'void EccLib::BCH::LoadBRAM_w_GenMat(std::vector<unsigned char>&)':
H:/dev/CSASA/vivaldo_starter/bram_designed_memory_speedtested_working/bram_designed_memory_speedtested_working.sdk/standalone_bsp_0/ps7_cortexa9_0/include/xparameters.h:41:45: error: invalid conversion from 'unsigned int' to 'int*' [-fpermissive]
 #define XPAR_AXI_BRAM_CTRL_0_S_AXI_BASEADDR 0x40000000U
                                             ^
../src/ecclib.h:11:21: note: in expansion of macro 'XPAR_AXI_BRAM_CTRL_0_S_AXI_BASEADDR'
 #define BRAM_MEMORY XPAR_AXI_BRAM_CTRL_0_S_AXI_BASEADDR
                     ^~~~~~~~~~~~~~~~~~~~~~~~~~~~~~~~~~~
../src/ecclib.cpp:55:17: note: in expansion of macro 'BRAM_MEMORY'
   destination = BRAM_MEMORY;
                 ^~~~~~~~~~~
In file included from ../src/ecclib.cpp:1:0:
../src/ecclib.cpp: In member function 'unsigned char* EccLib::BCH::Encode(unsigned char*)':
../src/ecclib.h:19:39: error: invalid conversion from 'unsigned int' to 'int*' [-fpermissive]
 #define BRAM_TOENCODE_ADDR BRAM_MEMORY+0x1F8 //504
                                        
../src/ecclib.cpp:69:17: note: in expansion of macro 'BRAM_TOENCODE_ADDR'
   destination = BRAM_TOENCODE_ADDR;
                 ^~~~~~~~~~~~~~~~~~
../src/ecclib.cpp:83:37: error: invalid conversion from 'unsigned int' to 'int*' [-fpermissive]
   destination = ANDXOR_AXI_BASEADDR + 1;
                                      
../src/ecclib.cpp:86:37: error: invalid conversion from 'unsigned int' to 'int*' [-fpermissive]
   destination = ANDXOR_AXI_BASEADDR + 2;
                                      
In file included from ../src/ecclib.cpp:1:0:
../src/ecclib.h:20:45: error: invalid conversion from 'unsigned int' to 'int*' [-fpermissive]
 #define BRAM_ENCODED_ADDR BRAM_TOENCODE_ADDR+8
                                              
../src/ecclib.cpp:96:12: note: in expansion of macro 'BRAM_ENCODED_ADDR'
   source = BRAM_ENCODED_ADDR;
            ^~~~~~~~~~~~~~~~~
make: *** [src/ecclib.o] Error 1
15:19:42 **** Auto Build of configuration Debug for project bch_accel ****
make pre-build main-build 
a9-linaro-pre-build-step
' '
'Building file: ../src/ecclib.cpp'
'Invoking: ARM v7 g++ compiler'
arm-none-eabi-g++ -Wall -O0 -g3 -c -fmessage-length=0 -MT"src/ecclib.o" -mcpu=cortex-a9 -mfpu=vfpv3 -mfloat-abi=hard -IH:/dev/CSASA/vivaldo_starter/bram_designed_memory_speedtested_working/bram_designed_memory_speedtested_working.sdk/standalone_bsp_0/ps7_cortexa9_0/include -MMD -MP -MF"src/ecclib.d" -MT"src/ecclib.o" -o "src/ecclib.o" "../src/ecclib.cpp"
In file included from ../src/ecclib.h:8:0,
                 from ../src/ecclib.cpp:1:
../src/ecclib.cpp: In member function 'void EccLib::BCH::LoadBRAM_w_GenMat(std::vector<unsigned char>&)':
H:/dev/CSASA/vivaldo_starter/bram_designed_memory_speedtested_working/bram_designed_memory_speedtested_working.sdk/standalone_bsp_0/ps7_cortexa9_0/include/xparameters.h:41:45: error: invalid conversion from 'unsigned int' to 'int*' [-fpermissive]
 #define XPAR_AXI_BRAM_CTRL_0_S_AXI_BASEADDR 0x40000000U
                                             ^
../src/ecclib.h:11:21: note: in expansion of macro 'XPAR_AXI_BRAM_CTRL_0_S_AXI_BASEADDR'
 #define BRAM_MEMORY XPAR_AXI_BRAM_CTRL_0_S_AXI_BASEADDR
                     ^~~~~~~~~~~~~~~~~~~~~~~~~~~~~~~~~~~
../src/ecclib.cpp:55:17: note: in expansion of macro 'BRAM_MEMORY'
   destination = BRAM_MEMORY;
                 ^~~~~~~~~~~
In file included from ../src/ecclib.cpp:1:0:
../src/ecclib.cpp: In member function 'unsigned char* EccLib::BCH::Encode(unsigned char*)':
../src/ecclib.h:19:39: error: invalid conversion from 'unsigned int' to 'int*' [-fpermissive]
 #define BRAM_TOENCODE_ADDR BRAM_MEMORY+0x1F8 //504
                                        
../src/ecclib.cpp:69:17: note: in expansion of macro 'BRAM_TOENCODE_ADDR'
   destination = BRAM_TOENCODE_ADDR;
                 ^~~~~~~~~~~~~~~~~~
../src/ecclib.h:20:45: error: invalid conversion from 'unsigned int' to 'int*' [-fpermissive]
 #define BRAM_ENCODED_ADDR BRAM_TOENCODE_ADDR+8
                                              
../src/ecclib.cpp:96:12: note: in expansion of macro 'BRAM_ENCODED_ADDR'
   source = BRAM_ENCODED_ADDR;
            ^~~~~~~~~~~~~~~~~
make: *** [src/ecclib.o] Error 1
15:19:48 **** Auto Build of configuration Debug for project bch_accel ****
make pre-build main-build 
a9-linaro-pre-build-step
' '
'Building file: ../src/BinaryMatrix.cpp'
'Invoking: ARM v7 g++ compiler'
arm-none-eabi-g++ -Wall -O0 -g3 -c -fmessage-length=0 -MT"src/BinaryMatrix.o" -mcpu=cortex-a9 -mfpu=vfpv3 -mfloat-abi=hard -IH:/dev/CSASA/vivaldo_starter/bram_designed_memory_speedtested_working/bram_designed_memory_speedtested_working.sdk/standalone_bsp_0/ps7_cortexa9_0/include -MMD -MP -MF"src/BinaryMatrix.d" -MT"src/BinaryMatrix.o" -o "src/BinaryMatrix.o" "../src/BinaryMatrix.cpp"
'Finished building: ../src/BinaryMatrix.cpp'
' '
'Building file: ../src/GFMatrix.cpp'
'Invoking: ARM v7 g++ compiler'
arm-none-eabi-g++ -Wall -O0 -g3 -c -fmessage-length=0 -MT"src/GFMatrix.o" -mcpu=cortex-a9 -mfpu=vfpv3 -mfloat-abi=hard -IH:/dev/CSASA/vivaldo_starter/bram_designed_memory_speedtested_working/bram_designed_memory_speedtested_working.sdk/standalone_bsp_0/ps7_cortexa9_0/include -MMD -MP -MF"src/GFMatrix.d" -MT"src/GFMatrix.o" -o "src/GFMatrix.o" "../src/GFMatrix.cpp"
'Finished building: ../src/GFMatrix.cpp'
' '
'Building file: ../src/GaloisField.cpp'
'Invoking: ARM v7 g++ compiler'
arm-none-eabi-g++ -Wall -O0 -g3 -c -fmessage-length=0 -MT"src/GaloisField.o" -mcpu=cortex-a9 -mfpu=vfpv3 -mfloat-abi=hard -IH:/dev/CSASA/vivaldo_starter/bram_designed_memory_speedtested_working/bram_designed_memory_speedtested_working.sdk/standalone_bsp_0/ps7_cortexa9_0/include -MMD -MP -MF"src/GaloisField.d" -MT"src/GaloisField.o" -o "src/GaloisField.o" "../src/GaloisField.cpp"
'Finished building: ../src/GaloisField.cpp'
' '
'Building file: ../src/ecclib.cpp'
'Invoking: ARM v7 g++ compiler'
arm-none-eabi-g++ -Wall -O0 -g3 -c -fmessage-length=0 -MT"src/ecclib.o" -mcpu=cortex-a9 -mfpu=vfpv3 -mfloat-abi=hard -IH:/dev/CSASA/vivaldo_starter/bram_designed_memory_speedtested_working/bram_designed_memory_speedtested_working.sdk/standalone_bsp_0/ps7_cortexa9_0/include -MMD -MP -MF"src/ecclib.d" -MT"src/ecclib.o" -o "src/ecclib.o" "../src/ecclib.cpp"
In file included from ../src/ecclib.h:8:0,
                 from ../src/ecclib.cpp:1:
../src/ecclib.cpp: In member function 'void EccLib::BCH::LoadBRAM_w_GenMat(std::vector<unsigned char>&)':
H:/dev/CSASA/vivaldo_starter/bram_designed_memory_speedtested_working/bram_designed_memory_speedtested_working.sdk/standalone_bsp_0/ps7_cortexa9_0/include/xparameters.h:41:45: error: invalid conversion from 'unsigned int' to 'int*' [-fpermissive]
 #define XPAR_AXI_BRAM_CTRL_0_S_AXI_BASEADDR 0x40000000U
                                             ^
../src/ecclib.h:11:21: note: in expansion of macro 'XPAR_AXI_BRAM_CTRL_0_S_AXI_BASEADDR'
 #define BRAM_MEMORY XPAR_AXI_BRAM_CTRL_0_S_AXI_BASEADDR
                     ^~~~~~~~~~~~~~~~~~~~~~~~~~~~~~~~~~~
../src/ecclib.cpp:55:17: note: in expansion of macro 'BRAM_MEMORY'
   destination = BRAM_MEMORY;
                 ^~~~~~~~~~~
In file included from ../src/ecclib.cpp:1:0:
../src/ecclib.cpp: In member function 'unsigned char* EccLib::BCH::Encode(unsigned char*)':
../src/ecclib.h:19:39: error: invalid conversion from 'unsigned int' to 'int*' [-fpermissive]
 #define BRAM_TOENCODE_ADDR BRAM_MEMORY+504
                                        
../src/ecclib.cpp:69:17: note: in expansion of macro 'BRAM_TOENCODE_ADDR'
   destination = BRAM_TOENCODE_ADDR;
                 ^~~~~~~~~~~~~~~~~~
../src/ecclib.h:20:45: error: invalid conversion from 'unsigned int' to 'int*' [-fpermissive]
 #define BRAM_ENCODED_ADDR BRAM_TOENCODE_ADDR+8
                                              
../src/ecclib.cpp:96:12: note: in expansion of macro 'BRAM_ENCODED_ADDR'
   source = BRAM_ENCODED_ADDR;
            ^~~~~~~~~~~~~~~~~
make: *** [src/ecclib.o] Error 1
15:20:57 **** Auto Build of configuration Debug for project bch_accel ****
make pre-build main-build 
a9-linaro-pre-build-step
' '
'Building file: ../src/ecclib.cpp'
'Invoking: ARM v7 g++ compiler'
arm-none-eabi-g++ -Wall -O0 -g3 -c -fmessage-length=0 -MT"src/ecclib.o" -mcpu=cortex-a9 -mfpu=vfpv3 -mfloat-abi=hard -IH:/dev/CSASA/vivaldo_starter/bram_designed_memory_speedtested_working/bram_designed_memory_speedtested_working.sdk/standalone_bsp_0/ps7_cortexa9_0/include -MMD -MP -MF"src/ecclib.d" -MT"src/ecclib.o" -o "src/ecclib.o" "../src/ecclib.cpp"
../src/ecclib.cpp: In member function 'void EccLib::BCH::LoadBRAM_w_GenMat(std::vector<unsigned char>&)':
../src/ecclib.cpp:57:20: warning: 'num' may be used uninitialized in this function [-Wmaybe-uninitialized]
   for (mpos=0; mpos<num; mpos++) {
                ~~~~^~~~
'Finished building: ../src/ecclib.cpp'
' '
'Building file: ../src/main.cc'
'Invoking: ARM v7 g++ compiler'
arm-none-eabi-g++ -Wall -O0 -g3 -c -fmessage-length=0 -MT"src/main.o" -mcpu=cortex-a9 -mfpu=vfpv3 -mfloat-abi=hard -IH:/dev/CSASA/vivaldo_starter/bram_designed_memory_speedtested_working/bram_designed_memory_speedtested_working.sdk/standalone_bsp_0/ps7_cortexa9_0/include -MMD -MP -MF"src/main.d" -MT"src/main.o" -o "src/main.o" "../src/main.cc"
../src/main.cc: In function 'void test_BCH_Encode()':
../src/main.cc:67:6: warning: unused variable 'encoded_bit_len' [-Wunused-variable]
  int encoded_bit_len = 63;
      ^~~~~~~~~~~~~~~
../src/main.cc:68:6: warning: unused variable 't' [-Wunused-variable]
  int t = 3;
      ^
../src/main.cc:69:6: warning: unused variable 'mbytes' [-Wunused-variable]
  int mbytes = 1;
      ^~~~~~
../src/main.cc:78:7: warning: unused variable 'encoded' [-Wunused-variable]
  auto encoded = bch.Encode(input_bytes);
       ^~~~~~~
../src/main.cc: In function 'void test_BCH_Decode(bool)':
../src/main.cc:93:10: warning: variable 'buffer' set but not used [-Wunused-but-set-variable]
   char * buffer = new char[500];
          ^~~~~~
'Finished building: ../src/main.cc'
' '
'Building file: ../src/platform.c'
'Invoking: ARM v7 g++ compiler'
arm-none-eabi-g++ -Wall -O0 -g3 -c -fmessage-length=0 -MT"src/platform.o" -mcpu=cortex-a9 -mfpu=vfpv3 -mfloat-abi=hard -IH:/dev/CSASA/vivaldo_starter/bram_designed_memory_speedtested_working/bram_designed_memory_speedtested_working.sdk/standalone_bsp_0/ps7_cortexa9_0/include -MMD -MP -MF"src/platform.d" -MT"src/platform.o" -o "src/platform.o" "../src/platform.c"
'Finished building: ../src/platform.c'
' '
'Building target: bch_accel.elf'
'Invoking: ARM v7 g++ linker'
arm-none-eabi-g++ -mcpu=cortex-a9 -mfpu=vfpv3 -mfloat-abi=hard -Wl,-build-id=none -specs=Xilinx.spec -Wl,-T -Wl,../src/lscript.ld -LH:/dev/CSASA/vivaldo_starter/bram_designed_memory_speedtested_working/bram_designed_memory_speedtested_working.sdk/standalone_bsp_0/ps7_cortexa9_0/lib -o "bch_accel.elf"  ./src/BinaryMatrix.o ./src/GFMatrix.o ./src/GaloisField.o ./src/ecclib.o ./src/main.o ./src/platform.o   -Wl,--start-group,-lxil,-lgcc,-lc,-lstdc++,--end-group
'Finished building target: bch_accel.elf'
' '
'Invoking: ARM v7 Print Size'
arm-none-eabi-size bch_accel.elf  |tee "bch_accel.elf.size"
   text	   data	    bss	    dec	    hex	filename
 818518	   2836	  30036	 851390	  cfdbe	bch_accel.elf
'Finished building: bch_accel.elf.size'
' '
16:44:32 **** Auto Build of configuration Debug for project bch_accel ****
make pre-build main-build 
a9-linaro-pre-build-step
' '
'Building file: ../src/ecclib.cpp'
'Invoking: ARM v7 g++ compiler'
arm-none-eabi-g++ -Wall -O0 -g3 -c -fmessage-length=0 -MT"src/ecclib.o" -mcpu=cortex-a9 -mfpu=vfpv3 -mfloat-abi=hard -IH:/dev/CSASA/vivaldo_starter/bram_designed_memory_speedtested_working/bram_designed_memory_speedtested_working.sdk/standalone_bsp_0/ps7_cortexa9_0/include -MMD -MP -MF"src/ecclib.d" -MT"src/ecclib.o" -o "src/ecclib.o" "../src/ecclib.cpp"
'Finished building: ../src/ecclib.cpp'
' '
'Building target: bch_accel.elf'
'Invoking: ARM v7 g++ linker'
arm-none-eabi-g++ -mcpu=cortex-a9 -mfpu=vfpv3 -mfloat-abi=hard -Wl,-build-id=none -specs=Xilinx.spec -Wl,-T -Wl,../src/lscript.ld -LH:/dev/CSASA/vivaldo_starter/bram_designed_memory_speedtested_working/bram_designed_memory_speedtested_working.sdk/standalone_bsp_0/ps7_cortexa9_0/lib -o "bch_accel.elf"  ./src/BinaryMatrix.o ./src/GFMatrix.o ./src/GaloisField.o ./src/ecclib.o ./src/main.o ./src/platform.o   -Wl,--start-group,-lxil,-lgcc,-lc,-lstdc++,--end-group
'Finished building target: bch_accel.elf'
' '
'Invoking: ARM v7 Print Size'
arm-none-eabi-size bch_accel.elf  |tee "bch_accel.elf.size"
   text	   data	    bss	    dec	    hex	filename
 818518	   2836	  30036	 851390	  cfdbe	bch_accel.elf
'Finished building: bch_accel.elf.size'
' '
